Archive member included to satisfy reference by file (symbol)

/usr/lib/gcc/arm-none-eabi/9.2.1/thumb/v6-m/nofp/libgcc.a(_dvmd_tls.o)
                              CMakeFiles/pio_ws2812.dir/home/arnavgadre/pico/pico-sdk/src/rp2_common/pico_divider/divider.S.obj (__aeabi_idiv0)
/usr/lib/gcc/arm-none-eabi/9.2.1/../../../arm-none-eabi/lib/thumb/v6-m/nofp/libc.a(lib_a-atexit.o)
                              /usr/lib/gcc/arm-none-eabi/9.2.1/../../../arm-none-eabi/lib/thumb/v6-m/nofp/crt0.o (atexit)
/usr/lib/gcc/arm-none-eabi/9.2.1/../../../arm-none-eabi/lib/thumb/v6-m/nofp/libc.a(lib_a-calloc.o)
                              CMakeFiles/pio_ws2812.dir/home/arnavgadre/pico/pico-sdk/src/rp2_common/pico_malloc/pico_malloc.c.obj (calloc)
/usr/lib/gcc/arm-none-eabi/9.2.1/../../../arm-none-eabi/lib/thumb/v6-m/nofp/libc.a(lib_a-callocr.o)
                              /usr/lib/gcc/arm-none-eabi/9.2.1/../../../arm-none-eabi/lib/thumb/v6-m/nofp/libc.a(lib_a-calloc.o) (_calloc_r)
/usr/lib/gcc/arm-none-eabi/9.2.1/../../../arm-none-eabi/lib/thumb/v6-m/nofp/libc.a(lib_a-fini.o)
                              /usr/lib/gcc/arm-none-eabi/9.2.1/../../../arm-none-eabi/lib/thumb/v6-m/nofp/crt0.o (__libc_fini_array)
/usr/lib/gcc/arm-none-eabi/9.2.1/../../../arm-none-eabi/lib/thumb/v6-m/nofp/libc.a(lib_a-impure.o)
                              /usr/lib/gcc/arm-none-eabi/9.2.1/../../../arm-none-eabi/lib/thumb/v6-m/nofp/libc.a(lib_a-calloc.o) (_impure_ptr)
/usr/lib/gcc/arm-none-eabi/9.2.1/../../../arm-none-eabi/lib/thumb/v6-m/nofp/libc.a(lib_a-init.o)
                              /usr/lib/gcc/arm-none-eabi/9.2.1/../../../arm-none-eabi/lib/thumb/v6-m/nofp/crt0.o (__libc_init_array)
/usr/lib/gcc/arm-none-eabi/9.2.1/../../../arm-none-eabi/lib/thumb/v6-m/nofp/libc.a(lib_a-malloc.o)
                              CMakeFiles/pio_ws2812.dir/home/arnavgadre/pico/pico-sdk/src/rp2_common/pico_malloc/pico_malloc.c.obj (malloc)
/usr/lib/gcc/arm-none-eabi/9.2.1/../../../arm-none-eabi/lib/thumb/v6-m/nofp/libc.a(lib_a-mallocr.o)
                              /usr/lib/gcc/arm-none-eabi/9.2.1/../../../arm-none-eabi/lib/thumb/v6-m/nofp/libc.a(lib_a-callocr.o) (_malloc_r)
/usr/lib/gcc/arm-none-eabi/9.2.1/../../../arm-none-eabi/lib/thumb/v6-m/nofp/libc.a(lib_a-mlock.o)
                              /usr/lib/gcc/arm-none-eabi/9.2.1/../../../arm-none-eabi/lib/thumb/v6-m/nofp/libc.a(lib_a-mallocr.o) (__malloc_lock)
/usr/lib/gcc/arm-none-eabi/9.2.1/../../../arm-none-eabi/lib/thumb/v6-m/nofp/libc.a(lib_a-realloc.o)
                              CMakeFiles/pio_ws2812.dir/home/arnavgadre/pico/pico-sdk/src/rp2_common/pico_malloc/pico_malloc.c.obj (realloc)
/usr/lib/gcc/arm-none-eabi/9.2.1/../../../arm-none-eabi/lib/thumb/v6-m/nofp/libc.a(lib_a-reallocr.o)
                              /usr/lib/gcc/arm-none-eabi/9.2.1/../../../arm-none-eabi/lib/thumb/v6-m/nofp/libc.a(lib_a-realloc.o) (_realloc_r)
/usr/lib/gcc/arm-none-eabi/9.2.1/../../../arm-none-eabi/lib/thumb/v6-m/nofp/libc.a(lib_a-sbrkr.o)
                              /usr/lib/gcc/arm-none-eabi/9.2.1/../../../arm-none-eabi/lib/thumb/v6-m/nofp/libc.a(lib_a-mallocr.o) (_sbrk_r)
/usr/lib/gcc/arm-none-eabi/9.2.1/../../../arm-none-eabi/lib/thumb/v6-m/nofp/libc.a(lib_a-scanf.o)
                              CMakeFiles/pio_ws2812.dir/ws2812.c.obj (scanf)
/usr/lib/gcc/arm-none-eabi/9.2.1/../../../arm-none-eabi/lib/thumb/v6-m/nofp/libc.a(lib_a-strlen-stub.o)
                              CMakeFiles/pio_ws2812.dir/home/arnavgadre/pico/pico-sdk/src/rp2_common/pico_stdio/stdio.c.obj (strlen)
/usr/lib/gcc/arm-none-eabi/9.2.1/../../../arm-none-eabi/lib/thumb/v6-m/nofp/libc.a(lib_a-vfscanf.o)
                              /usr/lib/gcc/arm-none-eabi/9.2.1/../../../arm-none-eabi/lib/thumb/v6-m/nofp/libc.a(lib_a-scanf.o) (_vfscanf_r)
/usr/lib/gcc/arm-none-eabi/9.2.1/../../../arm-none-eabi/lib/thumb/v6-m/nofp/libc.a(lib_a-__atexit.o)
                              /usr/lib/gcc/arm-none-eabi/9.2.1/../../../arm-none-eabi/lib/thumb/v6-m/nofp/libc.a(lib_a-atexit.o) (__register_exitproc)
/usr/lib/gcc/arm-none-eabi/9.2.1/../../../arm-none-eabi/lib/thumb/v6-m/nofp/libc.a(lib_a-ctype_.o)
                              /usr/lib/gcc/arm-none-eabi/9.2.1/../../../arm-none-eabi/lib/thumb/v6-m/nofp/libc.a(lib_a-vfscanf.o) (_ctype_)
/usr/lib/gcc/arm-none-eabi/9.2.1/../../../arm-none-eabi/lib/thumb/v6-m/nofp/libc.a(lib_a-findfp.o)
                              /usr/lib/gcc/arm-none-eabi/9.2.1/../../../arm-none-eabi/lib/thumb/v6-m/nofp/libc.a(lib_a-vfscanf.o) (__sinit)
/usr/lib/gcc/arm-none-eabi/9.2.1/../../../arm-none-eabi/lib/thumb/v6-m/nofp/libc.a(lib_a-fread.o)
                              /usr/lib/gcc/arm-none-eabi/9.2.1/../../../arm-none-eabi/lib/thumb/v6-m/nofp/libc.a(lib_a-vfscanf.o) (_fread_r)
/usr/lib/gcc/arm-none-eabi/9.2.1/../../../arm-none-eabi/lib/thumb/v6-m/nofp/libc.a(lib_a-freer.o)
                              /usr/lib/gcc/arm-none-eabi/9.2.1/../../../arm-none-eabi/lib/thumb/v6-m/nofp/libc.a(lib_a-malloc.o) (_free_r)
[...]
Memory Configuration

Name             Origin             Length             Attributes
FLASH            0x0000000010000000 0x0000000000200000 xr
RAM              0x0000000020000000 0x0000000000040000 xrw
SCRATCH_X        0x0000000020040000 0x0000000000001000 xrw
SCRATCH_Y        0x0000000020041000 0x0000000000001000 xrw
*default*        0x0000000000000000 0xffffffffffffffff

Linker script and memory map

LOAD /usr/lib/gcc/arm-none-eabi/9.2.1/thumb/v6-m/nofp/crti.o
LOAD /usr/lib/gcc/arm-none-eabi/9.2.1/thumb/v6-m/nofp/crtbegin.o
LOAD /usr/lib/gcc/arm-none-eabi/9.2.1/../../../arm-none-eabi/lib/thumb/v6-m/nofp/crt0.o

.flash_begin    0x0000000010000000        0x0
                0x0000000010000000                __flash_binary_start = .

.boot2          0x0000000010000000      0x100
                0x0000000010000000                __boot2_start__ = .
 *(.boot2)
 .boot2         0x0000000010000000      0x100 /tmp/cccnq1qw.o
                0x0000000010000100                __boot2_end__ = .
                0x0000000000000001                ASSERT (((__boot2_end__ - __boot2_start__) == 0x100), ERROR: Pico second stage bootloader must be 256 bytes in size)

.text           0x0000000010000100     0xcfc0
                0x0000000010000100                __logical_binary_start = .
 *(.vectors)
 .vectors       0x0000000010000100       0xd4 CMakeFiles/pio_ws2812.dir/home/arnavgadre/pico/pico-sdk/src/rp2_common/pico_standard_link/crt0.S.obj
                0x0000000010000100                __vectors
                0x0000000010000100                __VECTOR_TABLE
                0x00000000100001c0                isr_invalid
                0x00000000100001c0                __default_isrs_start
                0x00000000100001c2                isr_nmi
                0x00000000100001c4                isr_hardfault
                0x00000000100001c6                isr_svcall
                0x00000000100001c8                isr_pendsv
                0x00000000100001ca                isr_systick
                0x00000000100001cc                isr_irq30
                0x00000000100001cc                __unhandled_user_irq
                0x00000000100001cc                isr_irq13
                0x00000000100001cc                isr_irq27
                0x00000000100001cc                isr_irq31
                0x00000000100001cc                isr_irq5
                0x00000000100001cc                isr_irq11
                0x00000000100001cc                isr_irq23
                0x00000000100001cc                isr_irq18
                0x00000000100001cc                isr_irq28
                0x00000000100001cc                isr_irq19
                0x00000000100001cc                isr_irq0
                0x00000000100001cc                isr_irq6
                0x00000000100001cc                isr_irq22
                0x00000000100001cc                isr_irq17
                0x00000000100001cc                isr_irq14
                0x00000000100001cc                isr_irq2
                0x00000000100001cc                isr_irq10
                0x00000000100001cc                isr_irq8
                0x00000000100001cc                isr_irq24
                0x00000000100001cc                isr_irq1
                0x00000000100001cc                isr_irq7
                0x00000000100001cc                isr_irq21
                0x00000000100001cc                isr_irq20
                0x00000000100001cc                isr_irq15
                0x00000000100001cc                isr_irq25
                0x00000000100001cc                isr_irq4
                0x00000000100001cc                isr_irq16
                0x00000000100001cc                isr_irq29
                0x00000000100001cc                isr_irq26
                0x00000000100001cc                __default_isrs_end
                0x00000000100001cc                isr_irq3
                0x00000000100001cc                isr_irq12
                0x00000000100001cc                isr_irq9
                0x00000000100001d2                unhandled_user_irq_num_in_r0
 *(.binary_info_header)
 .binary_info_header
                0x00000000100001d4       0x14 CMakeFiles/pio_ws2812.dir/home/arnavgadre/pico/pico-sdk/src/rp2_common/pico_standard_link/crt0.S.obj
                0x00000000100001e8                __binary_info_header_end = .
 *(.reset)
 .reset         0x00000000100001e8       0xa8 CMakeFiles/pio_ws2812.dir/home/arnavgadre/pico/pico-sdk/src/rp2_common/pico_standard_link/crt0.S.obj
                0x00000000100001e8                _entry_point
                0x0000000010000266                __get_current_exception
 .reset         0x0000000010000290       0x30 CMakeFiles/pio_ws2812.dir/home/arnavgadre/pico/pico-sdk/src/rp2_common/pico_standard_link/binary_info.c.obj
 *(.init)
 .init          0x00000000100002c0        0x4 /usr/lib/gcc/arm-none-eabi/9.2.1/thumb/v6-m/nofp/crti.o
                0x00000000100002c0                _init
 *(EXCLUDE_FILE(*libm.a: *libc.a:*lib_a-mem*.o *libgcc.a:) .text*)
 .text          0x00000000100002c4       0x98 /usr/lib/gcc/arm-none-eabi/9.2.1/thumb/v6-m/nofp/crtbegin.o
 .text.startup.main
                0x000000001000035c      0x198 CMakeFiles/pio_ws2812.dir/ws2812.c.obj
                0x000000001000035c                main
 .text.gpio_set_function
                0x00000000100004f4       0x30 CMakeFiles/pio_ws2812.dir/home/arnavgadre/pico/pico-sdk/src/rp2_common/hardware_gpio/gpio.c.obj
                0x00000000100004f4                gpio_set_function
 .text.gpio_init
                0x0000000010000524       0x3c CMakeFiles/pio_ws2812.dir/home/arnavgadre/pico/pico-sdk/src/rp2_common/hardware_gpio/gpio.c.obj
                0x0000000010000524                gpio_init
 .text.hw_claim_lock
                0x0000000010000560       0x18 CMakeFiles/pio_ws2812.dir/home/arnavgadre/pico/pico-sdk/src/rp2_common/hardware_claim/claim.c.obj
                0x0000000010000560                hw_claim_lock
 .text.hw_claim_unlock
                0x0000000010000578       0x14 CMakeFiles/pio_ws2812.dir/home/arnavgadre/pico/pico-sdk/src/rp2_common/hardware_claim/claim.c.obj
                0x0000000010000578                hw_claim_unlock
 .text.hw_claim_or_assert
                0x000000001000058c       0x48 CMakeFiles/pio_ws2812.dir/home/arnavgadre/pico/pico-sdk/src/rp2_common/hardware_claim/claim.c.obj
                0x000000001000058c                hw_claim_or_assert
 .text.hw_claim_unused_from_range
                0x00000000100005d4       0x9c CMakeFiles/pio_ws2812.dir/home/arnavgadre/pico/pico-sdk/src/rp2_common/hardware_claim/claim.c.obj
                0x00000000100005d4                hw_claim_unused_from_range
 .text.running_on_fpga
                0x0000000010000670       0x10 CMakeFiles/pio_ws2812.dir/home/arnavgadre/pico/pico-sdk/src/rp2_common/pico_platform/platform.c.obj
                0x0000000010000670                running_on_fpga
 .text.spin_locks_reset
                0x0000000010000680       0x1c CMakeFiles/pio_ws2812.dir/home/arnavgadre/pico/pico-sdk/src/rp2_common/hardware_sync/sync.c.obj
                0x0000000010000680                spin_locks_reset
 .text.next_striped_spin_lock_num
                0x000000001000069c       0x18 CMakeFiles/pio_ws2812.dir/home/arnavgadre/pico/pico-sdk/src/rp2_common/hardware_sync/sync.c.obj
                0x000000001000069c                next_striped_spin_lock_num
 .text.spin_lock_claim_unused
                0x00000000100006b4       0x20 CMakeFiles/pio_ws2812.dir/home/arnavgadre/pico/pico-sdk/src/rp2_common/hardware_sync/sync.c.obj
                0x00000000100006b4                spin_lock_claim_unused
 .text.irq_set_enabled
                0x00000000100006d4       0x24 CMakeFiles/pio_ws2812.dir/home/arnavgadre/pico/pico-sdk/src/rp2_common/hardware_irq/irq.c.obj
                0x00000000100006d4                irq_set_enabled
 .text.irq_set_pending
                0x00000000100006f8       0x10 CMakeFiles/pio_ws2812.dir/home/arnavgadre/pico/pico-sdk/src/rp2_common/hardware_irq/irq.c.obj
                0x00000000100006f8                irq_set_pending
 .text.irq_has_shared_handler
                0x0000000010000708       0x2c CMakeFiles/pio_ws2812.dir/home/arnavgadre/pico/pico-sdk/src/rp2_common/hardware_irq/irq.c.obj
                0x0000000010000708                irq_has_shared_handler
 .text.irq_get_vtable_handler
                0x0000000010000734       0x10 CMakeFiles/pio_ws2812.dir/home/arnavgadre/pico/pico-sdk/src/rp2_common/hardware_irq/irq.c.obj
                0x0000000010000734                irq_get_vtable_handler
 .text.irq_set_exclusive_handler
                0x0000000010000744       0x54 CMakeFiles/pio_ws2812.dir/home/arnavgadre/pico/pico-sdk/src/rp2_common/hardware_irq/irq.c.obj
                0x0000000010000744                irq_set_exclusive_handler
 .text.irq_add_shared_handler
                0x0000000010000798      0x1c0 CMakeFiles/pio_ws2812.dir/home/arnavgadre/pico/pico-sdk/src/rp2_common/hardware_irq/irq.c.obj
                0x0000000010000798                irq_add_shared_handler
 .text.irq_remove_handler
                0x0000000010000958      0x1b4 CMakeFiles/pio_ws2812.dir/home/arnavgadre/pico/pico-sdk/src/rp2_common/hardware_irq/irq.c.obj
                0x0000000010000958                irq_remove_handler
 .text.irq_add_tail_to_free_list
                0x0000000010000b0c       0xb8 CMakeFiles/pio_ws2812.dir/home/arnavgadre/pico/pico-sdk/src/rp2_common/hardware_irq/irq.c.obj
                0x0000000010000b0c                irq_add_tail_to_free_list
 .text.irq_init_priorities
                0x0000000010000bc4       0x24 CMakeFiles/pio_ws2812.dir/home/arnavgadre/pico/pico-sdk/src/rp2_common/hardware_irq/irq.c.obj
                0x0000000010000bc4                irq_init_priorities
 .text.user_irq_claim_unused
                0x0000000010000be8       0x30 CMakeFiles/pio_ws2812.dir/home/arnavgadre/pico/pico-sdk/src/rp2_common/hardware_irq/irq.c.obj
                0x0000000010000be8                user_irq_claim_unused
 .text.lock_init
                0x0000000010000c18       0x10 CMakeFiles/pio_ws2812.dir/home/arnavgadre/pico/pico-sdk/src/common/pico_sync/lock_core.c.obj
                0x0000000010000c18                lock_init
 .text.timer_pool_entry_comparator
                0x0000000010000c28       0x34 CMakeFiles/pio_ws2812.dir/home/arnavgadre/pico/pico-sdk/src/common/pico_time/time.c.obj
                0x0000000010000c28                timer_pool_entry_comparator
 .text.sleep_until_callback
                0x0000000010000c5c       0x30 CMakeFiles/pio_ws2812.dir/home/arnavgadre/pico/pico-sdk/src/common/pico_time/time.c.obj
 .text.alarm_pool_add_alarm_at.constprop.0
                0x0000000010000c8c      0x128 CMakeFiles/pio_ws2812.dir/home/arnavgadre/pico/pico-sdk/src/common/pico_time/time.c.obj
 .text.add_alarm_under_lock
                0x0000000010000db4      0x108 CMakeFiles/pio_ws2812.dir/home/arnavgadre/pico/pico-sdk/src/common/pico_time/time.c.obj
 .text.alarm_pool_alarm_callback
                0x0000000010000ebc      0x1c8 CMakeFiles/pio_ws2812.dir/home/arnavgadre/pico/pico-sdk/src/common/pico_time/time.c.obj
 .text.alarm_pool_init_default
                0x0000000010001084       0x64 CMakeFiles/pio_ws2812.dir/home/arnavgadre/pico/pico-sdk/src/common/pico_time/time.c.obj
                0x0000000010001084                alarm_pool_init_default
 .text.alarm_pool_get_default
                0x00000000100010e8        0x8 CMakeFiles/pio_ws2812.dir/home/arnavgadre/pico/pico-sdk/src/common/pico_time/time.c.obj
                0x00000000100010e8                alarm_pool_get_default
 .text.alarm_pool_add_alarm_at
                0x00000000100010f0      0x1ac CMakeFiles/pio_ws2812.dir/home/arnavgadre/pico/pico-sdk/src/common/pico_time/time.c.obj
                0x00000000100010f0                alarm_pool_add_alarm_at
 .text.sleep_until
                0x000000001000129c       0xac CMakeFiles/pio_ws2812.dir/home/arnavgadre/pico/pico-sdk/src/common/pico_time/time.c.obj
                0x000000001000129c                sleep_until
 .text.sleep_ms
                0x0000000010001348       0x38 CMakeFiles/pio_ws2812.dir/home/arnavgadre/pico/pico-sdk/src/common/pico_time/time.c.obj
                0x0000000010001348                sleep_ms
 .text.best_effort_wfe_or_timeout
                0x0000000010001380       0xd4 CMakeFiles/pio_ws2812.dir/home/arnavgadre/pico/pico-sdk/src/common/pico_time/time.c.obj
                0x0000000010001380                best_effort_wfe_or_timeout
 .text.hardware_alarm_irq_handler
                0x0000000010001454       0xb8 CMakeFiles/pio_ws2812.dir/home/arnavgadre/pico/pico-sdk/src/rp2_common/hardware_timer/timer.c.obj
 .text.hardware_alarm_claim
                0x000000001000150c       0x18 CMakeFiles/pio_ws2812.dir/home/arnavgadre/pico/pico-sdk/src/rp2_common/hardware_timer/timer.c.obj
                0x000000001000150c                hardware_alarm_claim
 .text.time_us_64
                0x0000000010001524       0x14 CMakeFiles/pio_ws2812.dir/home/arnavgadre/pico/pico-sdk/src/rp2_common/hardware_timer/timer.c.obj
                0x0000000010001524                time_us_64
 .text.busy_wait_us
                0x0000000010001538       0x54 CMakeFiles/pio_ws2812.dir/home/arnavgadre/pico/pico-sdk/src/rp2_common/hardware_timer/timer.c.obj
                0x0000000010001538                busy_wait_us
 .text.busy_wait_until
                0x000000001000158c       0x20 CMakeFiles/pio_ws2812.dir/home/arnavgadre/pico/pico-sdk/src/rp2_common/hardware_timer/timer.c.obj
                0x000000001000158c                busy_wait_until
 .text.hardware_alarm_set_callback
                0x00000000100015ac       0x8c CMakeFiles/pio_ws2812.dir/home/arnavgadre/pico/pico-sdk/src/rp2_common/hardware_timer/timer.c.obj
                0x00000000100015ac                hardware_alarm_set_callback
 .text.hardware_alarm_set_target
                0x0000000010001638       0xe4 CMakeFiles/pio_ws2812.dir/home/arnavgadre/pico/pico-sdk/src/rp2_common/hardware_timer/timer.c.obj
                0x0000000010001638                hardware_alarm_set_target
 .text.hardware_alarm_cancel
                0x000000001000171c       0x40 CMakeFiles/pio_ws2812.dir/home/arnavgadre/pico/pico-sdk/src/rp2_common/hardware_timer/timer.c.obj
                0x000000001000171c                hardware_alarm_cancel
 .text.ph_merge_nodes
                0x000000001000175c       0x68 CMakeFiles/pio_ws2812.dir/home/arnavgadre/pico/pico-sdk/src/common/pico_util/pheap.c.obj
 .text.ph_post_alloc_init
                0x00000000100017c4       0x3c CMakeFiles/pio_ws2812.dir/home/arnavgadre/pico/pico-sdk/src/common/pico_util/pheap.c.obj
                0x00000000100017c4                ph_post_alloc_init
 .text.ph_merge_two_pass
                0x0000000010001800       0x90 CMakeFiles/pio_ws2812.dir/home/arnavgadre/pico/pico-sdk/src/common/pico_util/pheap.c.obj
                0x0000000010001800                ph_merge_two_pass
 .text.ph_remove_any_head
                0x0000000010001890       0xf8 CMakeFiles/pio_ws2812.dir/home/arnavgadre/pico/pico-sdk/src/common/pico_util/pheap.c.obj
 .text.ph_remove_head
                0x0000000010001988      0x13c CMakeFiles/pio_ws2812.dir/home/arnavgadre/pico/pico-sdk/src/common/pico_util/pheap.c.obj
                0x0000000010001988                ph_remove_head
 .text.ph_remove_and_free_node
                0x0000000010001ac4       0x7c CMakeFiles/pio_ws2812.dir/home/arnavgadre/pico/pico-sdk/src/common/pico_util/pheap.c.obj
                0x0000000010001ac4                ph_remove_and_free_node
 .text.mutex_init
                0x0000000010001b40       0x1c CMakeFiles/pio_ws2812.dir/home/arnavgadre/pico/pico-sdk/src/common/pico_sync/mutex.c.obj
                0x0000000010001b40                mutex_init
 .text.recursive_mutex_init
                0x0000000010001b5c       0x1c CMakeFiles/pio_ws2812.dir/home/arnavgadre/pico/pico-sdk/src/common/pico_sync/mutex.c.obj
                0x0000000010001b5c                recursive_mutex_init
 .text.critical_section_init
                0x0000000010001b78       0x1c CMakeFiles/pio_ws2812.dir/home/arnavgadre/pico/pico-sdk/src/common/pico_sync/critical_section.c.obj
                0x0000000010001b78                critical_section_init
 .text.runtime_init
                0x0000000010001b94       0xf0 CMakeFiles/pio_ws2812.dir/home/arnavgadre/pico/pico-sdk/src/rp2_common/pico_runtime/runtime.c.obj
                0x0000000010001b94                runtime_init
 .text._sbrk    0x0000000010001c84       0x34 CMakeFiles/pio_ws2812.dir/home/arnavgadre/pico/pico-sdk/src/rp2_common/pico_runtime/runtime.c.obj
                0x0000000010001c84                _sbrk
 .text.exit     0x0000000010001cb8        0x4 CMakeFiles/pio_ws2812.dir/home/arnavgadre/pico/pico-sdk/src/rp2_common/pico_runtime/runtime.c.obj
                0x0000000010001cb8                exit
 .text.__assert_func
                0x0000000010001cbc       0x34 CMakeFiles/pio_ws2812.dir/home/arnavgadre/pico/pico-sdk/src/rp2_common/pico_runtime/runtime.c.obj
                0x0000000010001cbc                __assert_func
 .text.panic    0x0000000010001cf0       0x30 CMakeFiles/pio_ws2812.dir/home/arnavgadre/pico/pico-sdk/src/rp2_common/pico_runtime/runtime.c.obj
                0x0000000010001cf0                panic
 .text.hard_assertion_failure
                0x0000000010001d20        0xc CMakeFiles/pio_ws2812.dir/home/arnavgadre/pico/pico-sdk/src/rp2_common/pico_runtime/runtime.c.obj
                0x0000000010001d20                hard_assertion_failure
 .text.clocks_init
                0x0000000010001d2c      0x2bc CMakeFiles/pio_ws2812.dir/home/arnavgadre/pico/pico-sdk/src/rp2_common/hardware_clocks/clocks.c.obj
                0x0000000010001d2c                clocks_init
 .text.clock_get_hz
                0x0000000010001fe8        0xc CMakeFiles/pio_ws2812.dir/home/arnavgadre/pico/pico-sdk/src/rp2_common/hardware_clocks/clocks.c.obj
                0x0000000010001fe8                clock_get_hz
 .text.pll_init
                0x0000000010001ff4       0xa8 CMakeFiles/pio_ws2812.dir/home/arnavgadre/pico/pico-sdk/src/rp2_common/hardware_pll/pll.c.obj
                0x0000000010001ff4                pll_init
 .text.watchdog_start_tick
                0x000000001000209c       0x10 CMakeFiles/pio_ws2812.dir/home/arnavgadre/pico/pico-sdk/src/rp2_common/hardware_watchdog/watchdog.c.obj
                0x000000001000209c                watchdog_start_tick
 .text.watchdog_reboot
                0x00000000100020ac       0x98 CMakeFiles/pio_ws2812.dir/home/arnavgadre/pico/pico-sdk/src/rp2_common/hardware_watchdog/watchdog.c.obj
                0x00000000100020ac                watchdog_reboot
 .text.xosc_init
                0x0000000010002144       0x28 CMakeFiles/pio_ws2812.dir/home/arnavgadre/pico/pico-sdk/src/rp2_common/hardware_xosc/xosc.c.obj
                0x0000000010002144                xosc_init
 .text._out_buffer
                0x000000001000216c        0x8 CMakeFiles/pio_ws2812.dir/home/arnavgadre/pico/pico-sdk/src/rp2_common/pico_printf/printf.c.obj
 .text._out_null
                0x0000000010002174        0x4 CMakeFiles/pio_ws2812.dir/home/arnavgadre/pico/pico-sdk/src/rp2_common/pico_printf/printf.c.obj
 .text._out_rev
                0x0000000010002178       0xd0 CMakeFiles/pio_ws2812.dir/home/arnavgadre/pico/pico-sdk/src/rp2_common/pico_printf/printf.c.obj
 .text._ntoa_format
                0x0000000010002248      0x1d0 CMakeFiles/pio_ws2812.dir/home/arnavgadre/pico/pico-sdk/src/rp2_common/pico_printf/printf.c.obj
 .text._out_char
                0x0000000010002418       0x10 CMakeFiles/pio_ws2812.dir/home/arnavgadre/pico/pico-sdk/src/rp2_common/pico_printf/printf.c.obj
 .text._out_fct
                0x0000000010002428       0x10 CMakeFiles/pio_ws2812.dir/home/arnavgadre/pico/pico-sdk/src/rp2_common/pico_printf/printf.c.obj
 .text._etoa    0x0000000010002438      0x478 CMakeFiles/pio_ws2812.dir/home/arnavgadre/pico/pico-sdk/src/rp2_common/pico_printf/printf.c.obj
 .text._ftoa    0x00000000100028b0      0x3e0 CMakeFiles/pio_ws2812.dir/home/arnavgadre/pico/pico-sdk/src/rp2_common/pico_printf/printf.c.obj
 .text._vsnprintf
                0x0000000010002c90      0xb08 CMakeFiles/pio_ws2812.dir/home/arnavgadre/pico/pico-sdk/src/rp2_common/pico_printf/printf.c.obj
 .text.__wrap_sprintf
                0x0000000010003798       0x28 CMakeFiles/pio_ws2812.dir/home/arnavgadre/pico/pico-sdk/src/rp2_common/pico_printf/printf.c.obj
                0x0000000010003798                __wrap_sprintf
 .text.vfctprintf
                0x00000000100037c0       0x20 CMakeFiles/pio_ws2812.dir/home/arnavgadre/pico/pico-sdk/src/rp2_common/pico_printf/printf.c.obj
                0x00000000100037c0                vfctprintf
 .text.weak_raw_printf
                0x00000000100037e0       0x40 CMakeFiles/pio_ws2812.dir/home/arnavgadre/pico/pico-sdk/src/rp2_common/pico_printf/printf.c.obj
                0x00000000100037e0                weak_raw_printf
 .text.weak_raw_vprintf
                0x0000000010003820       0x30 CMakeFiles/pio_ws2812.dir/home/arnavgadre/pico/pico-sdk/src/rp2_common/pico_printf/printf.c.obj
                0x0000000010003820                weak_raw_vprintf
 .text          0x0000000010003850       0x10 CMakeFiles/pio_ws2812.dir/home/arnavgadre/pico/pico-sdk/src/rp2_common/pico_bit_ops/bit_ops_aeabi.S.obj
 .text.rom_func_lookup
                0x0000000010003860       0x10 CMakeFiles/pio_ws2812.dir/home/arnavgadre/pico/pico-sdk/src/rp2_common/pico_bootrom/bootrom.c.obj
                0x0000000010003860                rom_func_lookup
 .text.rom_data_lookup
                0x0000000010003870       0x10 CMakeFiles/pio_ws2812.dir/home/arnavgadre/pico/pico-sdk/src/rp2_common/pico_bootrom/bootrom.c.obj
                0x0000000010003870                rom_data_lookup
 .text.rom_funcs_lookup
                0x0000000010003880       0x3c CMakeFiles/pio_ws2812.dir/home/arnavgadre/pico/pico-sdk/src/rp2_common/pico_bootrom/bootrom.c.obj
                0x0000000010003880                rom_funcs_lookup
 .text.__wrap___aeabi_idiv
                0x00000000100038bc       0x50 CMakeFiles/pio_ws2812.dir/home/arnavgadre/pico/pico-sdk/src/rp2_common/pico_divider/divider.S.obj
                0x00000000100038bc                __wrap___aeabi_idivmod
                0x00000000100038bc                divmod_s32s32
                0x00000000100038bc                div_s32s32
                0x00000000100038bc                __wrap___aeabi_idiv
                0x00000000100038c4                divmod_s32s32_unsafe
                0x00000000100038f0                divmod_s32s32_savestate
 .text.__wrap___aeabi_uidiv
                0x000000001000390c       0x4c CMakeFiles/pio_ws2812.dir/home/arnavgadre/pico/pico-sdk/src/rp2_common/pico_divider/divider.S.obj
                0x000000001000390c                __wrap___aeabi_uidiv
                0x000000001000390c                __wrap___aeabi_uidivmod
                0x000000001000390c                div_u32u32
                0x000000001000390c                divmod_u32u32
                0x0000000010003914                divmod_u32u32_unsafe
                0x000000001000393c                divmod_u32u32_savestate
 .text.__wrap___aeabi_ldiv
                0x0000000010003958      0x434 CMakeFiles/pio_ws2812.dir/home/arnavgadre/pico/pico-sdk/src/rp2_common/pico_divider/divider.S.obj
                0x0000000010003958                div_s64s64
                0x0000000010003958                divmod_s64s64
                0x0000000010003958                __wrap___aeabi_ldivmod
                0x0000000010003990                div_u64u64
                0x0000000010003990                divmod_u64u64
                0x0000000010003990                __wrap___aeabi_uldivmod
                0x00000000100039a0                divmod_u64u64_savestate
                0x00000000100039c8                divmod_s64s64_unsafe
                0x0000000010003a50                divmod_u64u64_unsafe
 .text.__wrap___aeabi_darithmetic
                0x0000000010003d8c       0x80 CMakeFiles/pio_ws2812.dir/home/arnavgadre/pico/pico-sdk/src/rp2_common/pico_double/double_aeabi.S.obj
                0x0000000010003d8c                __wrap___aeabi_drsub
                0x0000000010003d92                __wrap___aeabi_dsub
                0x0000000010003da4                __wrap___aeabi_dadd
                0x0000000010003db6                __wrap___aeabi_ddiv
                0x0000000010003df2                __wrap___aeabi_dmul
 .text.__wrap___aeabi_cdcmple
                0x0000000010003e0c       0x6c CMakeFiles/pio_ws2812.dir/home/arnavgadre/pico/pico-sdk/src/rp2_common/pico_double/double_aeabi.S.obj
                0x0000000010003e0c                __wrap___aeabi_cdrcmple
                0x0000000010003e1c                __wrap___aeabi_cdcmple
                0x0000000010003e1c                __wrap___aeabi_cdcmpeq
 .text.__wrap___aeabi_dcmpeq
                0x0000000010003e78       0x10 CMakeFiles/pio_ws2812.dir/home/arnavgadre/pico/pico-sdk/src/rp2_common/pico_double/double_aeabi.S.obj
                0x0000000010003e78                __wrap___aeabi_dcmpeq
 .text.__wrap___aeabi_dcmplt
                0x0000000010003e88        0xc CMakeFiles/pio_ws2812.dir/home/arnavgadre/pico/pico-sdk/src/rp2_common/pico_double/double_aeabi.S.obj
                0x0000000010003e88                __wrap___aeabi_dcmplt
 .text.__wrap___aeabi_dcmple
                0x0000000010003e94       0x10 CMakeFiles/pio_ws2812.dir/home/arnavgadre/pico/pico-sdk/src/rp2_common/pico_double/double_aeabi.S.obj
                0x0000000010003e94                __wrap___aeabi_dcmple
 .text.__wrap___aeabi_dcmpge
                0x0000000010003ea4       0x10 CMakeFiles/pio_ws2812.dir/home/arnavgadre/pico/pico-sdk/src/rp2_common/pico_double/double_aeabi.S.obj
                0x0000000010003ea4                __wrap___aeabi_dcmpge
 .text.__wrap___aeabi_dcmpgt
                0x0000000010003eb4        0xa CMakeFiles/pio_ws2812.dir/home/arnavgadre/pico/pico-sdk/src/rp2_common/pico_double/double_aeabi.S.obj
                0x0000000010003eb4                __wrap___aeabi_dcmpgt
 .text.__wrap___aeabi_dcmpun
                0x0000000010003ebe       0x1c CMakeFiles/pio_ws2812.dir/home/arnavgadre/pico/pico-sdk/src/rp2_common/pico_double/double_aeabi.S.obj
                0x0000000010003ebe                __wrap___aeabi_dcmpun
 *fill*         0x0000000010003eda        0x2 
 .text.__wrap___aeabi_i2d
                0x0000000010003edc       0x38 CMakeFiles/pio_ws2812.dir/home/arnavgadre/pico/pico-sdk/src/rp2_common/pico_double/double_aeabi.S.obj
                0x0000000010003edc                __wrap___aeabi_ui2d
                0x0000000010003ee4                __wrap___aeabi_i2d
 .text.__wrap___aeabi_d2iz
                0x0000000010003f14       0x48 CMakeFiles/pio_ws2812.dir/home/arnavgadre/pico/pico-sdk/src/rp2_common/pico_double/double_aeabi.S.obj
                0x0000000010003f14                __wrap___aeabi_d2iz
                0x0000000010003f14                double2int_z
 .text.__wrap___aeabi_d2uiz
                0x0000000010003f5c       0x18 CMakeFiles/pio_ws2812.dir/home/arnavgadre/pico/pico-sdk/src/rp2_common/pico_double/double_aeabi.S.obj
                0x0000000010003f5c                double2uint
                0x0000000010003f5c                __wrap___aeabi_d2uiz
 .text.__wrap___aeabi_l2d
                0x0000000010003f74       0x18 CMakeFiles/pio_ws2812.dir/home/arnavgadre/pico/pico-sdk/src/rp2_common/pico_double/double_aeabi.S.obj
                0x0000000010003f74                __wrap___aeabi_l2d
 .text.__wrap___aeabi_d2lz
                0x0000000010003f8c       0x26 CMakeFiles/pio_ws2812.dir/home/arnavgadre/pico/pico-sdk/src/rp2_common/pico_double/double_aeabi.S.obj
                0x0000000010003f8c                __wrap___aeabi_d2lz
                0x0000000010003f8c                double2int64_z
 *fill*         0x0000000010003fb2        0x2 
 .text.double2int64
                0x0000000010003fb4       0x18 CMakeFiles/pio_ws2812.dir/home/arnavgadre/pico/pico-sdk/src/rp2_common/pico_double/double_aeabi.S.obj
                0x0000000010003fb4                double2int64
 .text.double2ufix64
                0x0000000010003fcc       0x18 CMakeFiles/pio_ws2812.dir/home/arnavgadre/pico/pico-sdk/src/rp2_common/pico_double/double_aeabi.S.obj
                0x0000000010003fcc                double2ufix64
 .text.__wrap___aeabi_d2f
                0x0000000010003fe4       0x18 CMakeFiles/pio_ws2812.dir/home/arnavgadre/pico/pico-sdk/src/rp2_common/pico_double/double_aeabi.S.obj
                0x0000000010003fe4                __wrap___aeabi_d2f
 .text.__aeabi_double_init
                0x0000000010003ffc       0xc0 CMakeFiles/pio_ws2812.dir/home/arnavgadre/pico/pico-sdk/src/rp2_common/pico_double/double_init_rom.c.obj
                0x0000000010003ffc                __aeabi_double_init
 .text.double_table_shim_on_use_helper
                0x00000000100040bc       0x2c CMakeFiles/pio_ws2812.dir/home/arnavgadre/pico/pico-sdk/src/rp2_common/pico_double/double_v1_rom_shim.S.obj
                0x00000000100040bc                double_table_shim_on_use_helper
 .text.__wrap___aeabi_dsub
                0x00000000100040e8       0x10 CMakeFiles/pio_ws2812.dir/home/arnavgadre/pico/pico-sdk/src/rp2_common/pico_double/double_v1_rom_shim.S.obj
                0x00000000100040e8                drsub_shim
                0x00000000100040ee                dsub_shim
 .text.dadd_shim
                0x00000000100040f8      0x15c CMakeFiles/pio_ws2812.dir/home/arnavgadre/pico/pico-sdk/src/rp2_common/pico_double/double_v1_rom_shim.S.obj
                0x00000000100040f8                dadd_shim
 .text.dmul_shim
                0x0000000010004254      0x15c CMakeFiles/pio_ws2812.dir/home/arnavgadre/pico/pico-sdk/src/rp2_common/pico_double/double_v1_rom_shim.S.obj
                0x0000000010004254                dmul_shim
 .text.ddiv_shim
                0x00000000100043b0      0x1b0 CMakeFiles/pio_ws2812.dir/home/arnavgadre/pico/pico-sdk/src/rp2_common/pico_double/double_v1_rom_shim.S.obj
                0x00000000100043b0                ddiv_shim
 .text.double2uint_shim
                0x0000000010004560        0xe CMakeFiles/pio_ws2812.dir/home/arnavgadre/pico/pico-sdk/src/rp2_common/pico_double/double_v1_rom_shim.S.obj
                0x0000000010004560                double2uint_shim
                0x0000000010004562                double2ufix_shim
 .text.double2int64_shim
                0x000000001000456e       0x1a CMakeFiles/pio_ws2812.dir/home/arnavgadre/pico/pico-sdk/src/rp2_common/pico_double/double_v1_rom_shim.S.obj
                0x000000001000456e                double2int64_shim
                0x0000000010004570                double2fix64_shim
 .text.double2uint64_shim
                0x0000000010004588       0x70 CMakeFiles/pio_ws2812.dir/home/arnavgadre/pico/pico-sdk/src/rp2_common/pico_double/double_v1_rom_shim.S.obj
                0x0000000010004588                double2uint64_shim
                0x000000001000458a                double2ufix64_shim
                0x00000000100045aa                d2fix_a
 .text.double2float_shim
                0x00000000100045f8       0x5c CMakeFiles/pio_ws2812.dir/home/arnavgadre/pico/pico-sdk/src/rp2_common/pico_double/double_v1_rom_shim.S.obj
                0x00000000100045f8                double2float_shim
 .text.x2double_shims
                0x0000000010004654       0x90 CMakeFiles/pio_ws2812.dir/home/arnavgadre/pico/pico-sdk/src/rp2_common/pico_double/double_v1_rom_shim.S.obj
                0x0000000010004654                uint2double_shim
                0x0000000010004656                ufix2double_shim
                0x000000001000465c                int2double_shim
                0x000000001000465e                fix2double_shim
                0x0000000010004664                uint642double_shim
                0x0000000010004666                ufix642double_shim
                0x000000001000466c                int642double_shim
                0x000000001000466e                fix642double_shim
 .text.dunpacks
                0x00000000100046e4       0x3c CMakeFiles/pio_ws2812.dir/home/arnavgadre/pico/pico-sdk/src/rp2_common/pico_double/double_v1_rom_shim.S.obj
                0x00000000100046e4                dunpacks
 .text.__aeabi_lmul
                0x0000000010004720       0x32 CMakeFiles/pio_ws2812.dir/home/arnavgadre/pico/pico-sdk/src/rp2_common/pico_int64_ops/pico_int64_ops_aeabi.S.obj
                0x0000000010004720                __wrap___aeabi_lmul
 *fill*         0x0000000010004752        0x2 
 .text.__wrap___aeabi_farithmetic
                0x0000000010004754       0x48 CMakeFiles/pio_ws2812.dir/home/arnavgadre/pico/pico-sdk/src/rp2_common/pico_float/float_aeabi.S.obj
                0x0000000010004754                __wrap___aeabi_frsub
                0x000000001000475a                __wrap___aeabi_fsub
                0x0000000010004760                __wrap___aeabi_fadd
                0x0000000010004766                __wrap___aeabi_fdiv
                0x000000001000478e                __wrap___aeabi_fmul
 .text.__wrap___aeabi_cfcmple
                0x000000001000479c       0x50 CMakeFiles/pio_ws2812.dir/home/arnavgadre/pico/pico-sdk/src/rp2_common/pico_float/float_aeabi.S.obj
                0x000000001000479c                __wrap___aeabi_cfrcmple
                0x00000000100047a8                __wrap___aeabi_cfcmpeq
                0x00000000100047a8                __wrap___aeabi_cfcmple
 .text.__wrap___aeabi_fcmple
                0x00000000100047ec       0x10 CMakeFiles/pio_ws2812.dir/home/arnavgadre/pico/pico-sdk/src/rp2_common/pico_float/float_aeabi.S.obj
                0x00000000100047ec                __wrap___aeabi_fcmple
 .text.__wrap___aeabi_fcmpun
                0x00000000100047fc       0x18 CMakeFiles/pio_ws2812.dir/home/arnavgadre/pico/pico-sdk/src/rp2_common/pico_float/float_aeabi.S.obj
                0x00000000100047fc                __wrap___aeabi_fcmpun
 .text.__wrap___aeabi_ui2f
                0x0000000010004814        0xa CMakeFiles/pio_ws2812.dir/home/arnavgadre/pico/pico-sdk/src/rp2_common/pico_float/float_aeabi.S.obj
                0x0000000010004814                __wrap___aeabi_ui2f
 *fill*         0x000000001000481e        0x2 
 .text.__wrap___aeabi_i2f
                0x0000000010004820       0x44 CMakeFiles/pio_ws2812.dir/home/arnavgadre/pico/pico-sdk/src/rp2_common/pico_float/float_aeabi.S.obj
                0x0000000010004820                __wrap___aeabi_i2f
 .text.__wrap___aeabi_f2uiz
                0x0000000010004864        0xc CMakeFiles/pio_ws2812.dir/home/arnavgadre/pico/pico-sdk/src/rp2_common/pico_float/float_aeabi.S.obj
                0x0000000010004864                __wrap___aeabi_f2uiz
 .text.__aeabi_float_init
                0x0000000010004870       0x64 CMakeFiles/pio_ws2812.dir/home/arnavgadre/pico/pico-sdk/src/rp2_common/pico_float/float_init_rom.c.obj
                0x0000000010004870                __aeabi_float_init
 .text.float_table_shim_on_use_helper
                0x00000000100048d4       0x2c CMakeFiles/pio_ws2812.dir/home/arnavgadre/pico/pico-sdk/src/rp2_common/pico_float/float_v1_rom_shim.S.obj
                0x00000000100048d4                float_table_shim_on_use_helper
 .text          0x0000000010004900       0x10 CMakeFiles/pio_ws2812.dir/home/arnavgadre/pico/pico-sdk/src/rp2_common/pico_mem_ops/mem_ops_aeabi.S.obj
                0x0000000010004900                __aeabi_mem_init
 .text.memset   0x0000000010004910        0xc CMakeFiles/pio_ws2812.dir/home/arnavgadre/pico/pico-sdk/src/rp2_common/pico_mem_ops/mem_ops_aeabi.S.obj
                0x0000000010004910                __wrap_memset
 .text.memcpy   0x000000001000491c        0xc CMakeFiles/pio_ws2812.dir/home/arnavgadre/pico/pico-sdk/src/rp2_common/pico_mem_ops/mem_ops_aeabi.S.obj
                0x000000001000491c                __wrap___aeabi_memcpy
                0x000000001000491c                __wrap_memcpy
 .text.stdio_out_chars_no_crlf
                0x0000000010004928       0x10 CMakeFiles/pio_ws2812.dir/home/arnavgadre/pico/pico-sdk/src/rp2_common/pico_stdio/stdio.c.obj
 .text.stdio_out_chars_crlf
                0x0000000010004938       0x94 CMakeFiles/pio_ws2812.dir/home/arnavgadre/pico/pico-sdk/src/rp2_common/pico_stdio/stdio.c.obj
 .text.stdio_buffered_printer
                0x00000000100049cc       0x64 CMakeFiles/pio_ws2812.dir/home/arnavgadre/pico/pico-sdk/src/rp2_common/pico_stdio/stdio.c.obj
 .text.stdio_put_string
                0x0000000010004a30      0x100 CMakeFiles/pio_ws2812.dir/home/arnavgadre/pico/pico-sdk/src/rp2_common/pico_stdio/stdio.c.obj
 .text.__wrap_putchar
                0x0000000010004b30       0xa4 CMakeFiles/pio_ws2812.dir/home/arnavgadre/pico/pico-sdk/src/rp2_common/pico_stdio/stdio.c.obj
                0x0000000010004b30                __wrap_putchar
 .text.__wrap_puts
                0x0000000010004bd4       0x3c CMakeFiles/pio_ws2812.dir/home/arnavgadre/pico/pico-sdk/src/rp2_common/pico_stdio/stdio.c.obj
                0x0000000010004bd4                __wrap_puts
 .text._read    0x0000000010004c10       0x94 CMakeFiles/pio_ws2812.dir/home/arnavgadre/pico/pico-sdk/src/rp2_common/pico_stdio/stdio.c.obj
                0x0000000010004c10                _read
 .text._write   0x0000000010004ca4       0xac CMakeFiles/pio_ws2812.dir/home/arnavgadre/pico/pico-sdk/src/rp2_common/pico_stdio/stdio.c.obj
                0x0000000010004ca4                _write
 .text.stdio_set_driver_enabled
                0x0000000010004d50       0x30 CMakeFiles/pio_ws2812.dir/home/arnavgadre/pico/pico-sdk/src/rp2_common/pico_stdio/stdio.c.obj
                0x0000000010004d50                stdio_set_driver_enabled
 .text.__wrap_vprintf
                0x0000000010004d80       0xd8 CMakeFiles/pio_ws2812.dir/home/arnavgadre/pico/pico-sdk/src/rp2_common/pico_stdio/stdio.c.obj
                0x0000000010004d80                __wrap_vprintf
 .text.__wrap_printf
                0x0000000010004e58       0x18 CMakeFiles/pio_ws2812.dir/home/arnavgadre/pico/pico-sdk/src/rp2_common/pico_stdio/stdio.c.obj
                0x0000000010004e58                __wrap_printf
 .text.stdio_init_all
                0x0000000010004e70        0x8 CMakeFiles/pio_ws2812.dir/home/arnavgadre/pico/pico-sdk/src/rp2_common/pico_stdio/stdio.c.obj
                0x0000000010004e70                stdio_init_all
 .text.resetd_init
                0x0000000010004e78        0x4 CMakeFiles/pio_ws2812.dir/home/arnavgadre/pico/pico-sdk/src/rp2_common/pico_stdio_usb/reset_interface.c.obj
 .text.resetd_reset
                0x0000000010004e7c        0xc CMakeFiles/pio_ws2812.dir/home/arnavgadre/pico/pico-sdk/src/rp2_common/pico_stdio_usb/reset_interface.c.obj
 .text.resetd_open
                0x0000000010004e88       0x28 CMakeFiles/pio_ws2812.dir/home/arnavgadre/pico/pico-sdk/src/rp2_common/pico_stdio_usb/reset_interface.c.obj
 .text.resetd_xfer_cb
                0x0000000010004eb0        0x4 CMakeFiles/pio_ws2812.dir/home/arnavgadre/pico/pico-sdk/src/rp2_common/pico_stdio_usb/reset_interface.c.obj
 .text.resetd_control_xfer_cb
                0x0000000010004eb4       0x64 CMakeFiles/pio_ws2812.dir/home/arnavgadre/pico/pico-sdk/src/rp2_common/pico_stdio_usb/reset_interface.c.obj
 .text.usbd_app_driver_get_cb
                0x0000000010004f18        0xc CMakeFiles/pio_ws2812.dir/home/arnavgadre/pico/pico-sdk/src/rp2_common/pico_stdio_usb/reset_interface.c.obj
                0x0000000010004f18                usbd_app_driver_get_cb
 .text.tud_cdc_line_coding_cb
                0x0000000010004f24       0x34 CMakeFiles/pio_ws2812.dir/home/arnavgadre/pico/pico-sdk/src/rp2_common/pico_stdio_usb/reset_interface.c.obj
                0x0000000010004f24                tud_cdc_line_coding_cb
 .text.stdio_usb_in_chars
                0x0000000010004f58       0x68 CMakeFiles/pio_ws2812.dir/home/arnavgadre/pico/pico-sdk/src/rp2_common/pico_stdio_usb/stdio_usb.c.obj
                0x0000000010004f58                stdio_usb_in_chars
 .text.stdio_usb_out_chars
                0x0000000010004fc0       0xec CMakeFiles/pio_ws2812.dir/home/arnavgadre/pico/pico-sdk/src/rp2_common/pico_stdio_usb/stdio_usb.c.obj
 .text.timer_task
                0x00000000100050ac       0x18 CMakeFiles/pio_ws2812.dir/home/arnavgadre/pico/pico-sdk/src/rp2_common/pico_stdio_usb/stdio_usb.c.obj
 .text.usb_irq  0x00000000100050c4       0x10 CMakeFiles/pio_ws2812.dir/home/arnavgadre/pico/pico-sdk/src/rp2_common/pico_stdio_usb/stdio_usb.c.obj
 .text.low_priority_worker_irq
                0x00000000100050d4       0x24 CMakeFiles/pio_ws2812.dir/home/arnavgadre/pico/pico-sdk/src/rp2_common/pico_stdio_usb/stdio_usb.c.obj
 .text.stdio_usb_init
                0x00000000100050f8       0xb0 CMakeFiles/pio_ws2812.dir/home/arnavgadre/pico/pico-sdk/src/rp2_common/pico_stdio_usb/stdio_usb.c.obj
                0x00000000100050f8                stdio_usb_init
 .text.stdio_usb_connected
                0x00000000100051a8        0xc CMakeFiles/pio_ws2812.dir/home/arnavgadre/pico/pico-sdk/src/rp2_common/pico_stdio_usb/stdio_usb.c.obj
                0x00000000100051a8                stdio_usb_connected
 .text.tud_descriptor_device_cb
                0x00000000100051b4        0x8 CMakeFiles/pio_ws2812.dir/home/arnavgadre/pico/pico-sdk/src/rp2_common/pico_stdio_usb/stdio_usb_descriptors.c.obj
                0x00000000100051b4                tud_descriptor_device_cb
 .text.tud_descriptor_configuration_cb
                0x00000000100051bc        0x8 CMakeFiles/pio_ws2812.dir/home/arnavgadre/pico/pico-sdk/src/rp2_common/pico_stdio_usb/stdio_usb_descriptors.c.obj
                0x00000000100051bc                tud_descriptor_configuration_cb
 .text.tud_descriptor_string_cb
                0x00000000100051c4       0x70 CMakeFiles/pio_ws2812.dir/home/arnavgadre/pico/pico-sdk/src/rp2_common/pico_stdio_usb/stdio_usb_descriptors.c.obj
                0x00000000100051c4                tud_descriptor_string_cb
 .text.dcd_rp2040_irq
                0x0000000010005234      0x21c CMakeFiles/pio_ws2812.dir/home/arnavgadre/pico/pico-sdk/lib/tinyusb/src/portable/raspberrypi/rp2040/dcd_rp2040.c.obj
 .text.dcd_int_enable
                0x0000000010005450        0xc CMakeFiles/pio_ws2812.dir/home/arnavgadre/pico/pico-sdk/lib/tinyusb/src/portable/raspberrypi/rp2040/dcd_rp2040.c.obj
                0x0000000010005450                dcd_int_enable
 .text.dcd_set_address
                0x000000001000545c       0x14 CMakeFiles/pio_ws2812.dir/home/arnavgadre/pico/pico-sdk/lib/tinyusb/src/portable/raspberrypi/rp2040/dcd_rp2040.c.obj
                0x000000001000545c                dcd_set_address
 .text.dcd_connect
                0x0000000010005470       0x10 CMakeFiles/pio_ws2812.dir/home/arnavgadre/pico/pico-sdk/lib/tinyusb/src/portable/raspberrypi/rp2040/dcd_rp2040.c.obj
                0x0000000010005470                dcd_connect
 .text.dcd_init
                0x0000000010005480      0x148 CMakeFiles/pio_ws2812.dir/home/arnavgadre/pico/pico-sdk/lib/tinyusb/src/portable/raspberrypi/rp2040/dcd_rp2040.c.obj
                0x0000000010005480                dcd_init
 .text.dcd_edpt0_status_complete
                0x00000000100055c8       0x1c CMakeFiles/pio_ws2812.dir/home/arnavgadre/pico/pico-sdk/lib/tinyusb/src/portable/raspberrypi/rp2040/dcd_rp2040.c.obj
                0x00000000100055c8                dcd_edpt0_status_complete
 .text.dcd_edpt_open
                0x00000000100055e4       0xf0 CMakeFiles/pio_ws2812.dir/home/arnavgadre/pico/pico-sdk/lib/tinyusb/src/portable/raspberrypi/rp2040/dcd_rp2040.c.obj
                0x00000000100055e4                dcd_edpt_open
 .text.dcd_edpt_close_all
                0x00000000100056d4       0xbc CMakeFiles/pio_ws2812.dir/home/arnavgadre/pico/pico-sdk/lib/tinyusb/src/portable/raspberrypi/rp2040/dcd_rp2040.c.obj
                0x00000000100056d4                dcd_edpt_close_all
 .text.dcd_edpt_xfer
                0x0000000010005790       0x24 CMakeFiles/pio_ws2812.dir/home/arnavgadre/pico/pico-sdk/lib/tinyusb/src/portable/raspberrypi/rp2040/dcd_rp2040.c.obj
                0x0000000010005790                dcd_edpt_xfer
 .text.dcd_edpt_stall
                0x00000000100057b4       0x38 CMakeFiles/pio_ws2812.dir/home/arnavgadre/pico/pico-sdk/lib/tinyusb/src/portable/raspberrypi/rp2040/dcd_rp2040.c.obj
                0x00000000100057b4                dcd_edpt_stall
 .text.dcd_edpt_clear_stall
                0x00000000100057ec       0x30 CMakeFiles/pio_ws2812.dir/home/arnavgadre/pico/pico-sdk/lib/tinyusb/src/portable/raspberrypi/rp2040/dcd_rp2040.c.obj
                0x00000000100057ec                dcd_edpt_clear_stall
 .text._hw_endpoint_buffer_control_update32.part.0
                0x000000001000581c       0x20 CMakeFiles/pio_ws2812.dir/home/arnavgadre/pico/pico-sdk/lib/tinyusb/src/portable/raspberrypi/rp2040/rp2040_usb.c.obj
 .text.rp2040_usb_init
                0x000000001000583c       0x4c CMakeFiles/pio_ws2812.dir/home/arnavgadre/pico/pico-sdk/lib/tinyusb/src/portable/raspberrypi/rp2040/rp2040_usb.c.obj
                0x000000001000583c                rp2040_usb_init
 .text.hw_endpoint_reset_transfer
                0x0000000010005888        0xc CMakeFiles/pio_ws2812.dir/home/arnavgadre/pico/pico-sdk/lib/tinyusb/src/portable/raspberrypi/rp2040/rp2040_usb.c.obj
                0x0000000010005888                hw_endpoint_reset_transfer
 .text._hw_endpoint_buffer_control_update32
                0x0000000010005894       0x40 CMakeFiles/pio_ws2812.dir/home/arnavgadre/pico/pico-sdk/lib/tinyusb/src/portable/raspberrypi/rp2040/rp2040_usb.c.obj
                0x0000000010005894                _hw_endpoint_buffer_control_update32
 .text.hw_endpoint_xfer_start
                0x00000000100058d4      0x138 CMakeFiles/pio_ws2812.dir/home/arnavgadre/pico/pico-sdk/lib/tinyusb/src/portable/raspberrypi/rp2040/rp2040_usb.c.obj
                0x00000000100058d4                hw_endpoint_xfer_start
 .text.hw_endpoint_xfer_continue
                0x0000000010005a0c      0x1e4 CMakeFiles/pio_ws2812.dir/home/arnavgadre/pico/pico-sdk/lib/tinyusb/src/portable/raspberrypi/rp2040/rp2040_usb.c.obj
                0x0000000010005a0c                hw_endpoint_xfer_continue
 .text.tud_mounted
                0x0000000010005bf0       0x10 CMakeFiles/pio_ws2812.dir/home/arnavgadre/pico/pico-sdk/lib/tinyusb/src/device/usbd.c.obj
                0x0000000010005bf0                tud_mounted
 .text.tud_suspended
                0x0000000010005c00       0x10 CMakeFiles/pio_ws2812.dir/home/arnavgadre/pico/pico-sdk/lib/tinyusb/src/device/usbd.c.obj
                0x0000000010005c00                tud_suspended
 .text.tud_inited
                0x0000000010005c10        0xc CMakeFiles/pio_ws2812.dir/home/arnavgadre/pico/pico-sdk/lib/tinyusb/src/device/usbd.c.obj
                0x0000000010005c10                tud_inited
 .text.tud_init
                0x0000000010005c1c       0xd8 CMakeFiles/pio_ws2812.dir/home/arnavgadre/pico/pico-sdk/lib/tinyusb/src/device/usbd.c.obj
                0x0000000010005c1c                tud_init
 .text.tud_task
                0x0000000010005cf4      0x8ec CMakeFiles/pio_ws2812.dir/home/arnavgadre/pico/pico-sdk/lib/tinyusb/src/device/usbd.c.obj
                0x0000000010005cf4                tud_task
 .text.dcd_event_bus_signal
                0x00000000100065e0      0x120 CMakeFiles/pio_ws2812.dir/home/arnavgadre/pico/pico-sdk/lib/tinyusb/src/device/usbd.c.obj
                0x00000000100065e0                dcd_event_bus_signal
 .text.dcd_event_bus_reset
                0x0000000010006700       0x54 CMakeFiles/pio_ws2812.dir/home/arnavgadre/pico/pico-sdk/lib/tinyusb/src/device/usbd.c.obj
                0x0000000010006700                dcd_event_bus_reset
 .text.dcd_event_setup_received
                0x0000000010006754       0x50 CMakeFiles/pio_ws2812.dir/home/arnavgadre/pico/pico-sdk/lib/tinyusb/src/device/usbd.c.obj
                0x0000000010006754                dcd_event_setup_received
 .text.dcd_event_xfer_complete
                0x00000000100067a4       0x68 CMakeFiles/pio_ws2812.dir/home/arnavgadre/pico/pico-sdk/lib/tinyusb/src/device/usbd.c.obj
                0x00000000100067a4                dcd_event_xfer_complete
 .text.usbd_open_edpt_pair
                0x000000001000680c       0x80 CMakeFiles/pio_ws2812.dir/home/arnavgadre/pico/pico-sdk/lib/tinyusb/src/device/usbd.c.obj
                0x000000001000680c                usbd_open_edpt_pair
 .text.usbd_edpt_open
                0x000000001000688c       0x30 CMakeFiles/pio_ws2812.dir/home/arnavgadre/pico/pico-sdk/lib/tinyusb/src/device/usbd.c.obj
                0x000000001000688c                usbd_edpt_open
 .text.usbd_edpt_claim
                0x00000000100068bc       0x64 CMakeFiles/pio_ws2812.dir/home/arnavgadre/pico/pico-sdk/lib/tinyusb/src/device/usbd.c.obj
                0x00000000100068bc                usbd_edpt_claim
 .text.usbd_edpt_release
                0x0000000010006920       0x4c CMakeFiles/pio_ws2812.dir/home/arnavgadre/pico/pico-sdk/lib/tinyusb/src/device/usbd.c.obj
                0x0000000010006920                usbd_edpt_release
 .text.usbd_edpt_xfer
                0x000000001000696c       0x48 CMakeFiles/pio_ws2812.dir/home/arnavgadre/pico/pico-sdk/lib/tinyusb/src/device/usbd.c.obj
                0x000000001000696c                usbd_edpt_xfer
 .text.tud_control_status
                0x00000000100069b4       0x30 CMakeFiles/pio_ws2812.dir/home/arnavgadre/pico/pico-sdk/lib/tinyusb/src/device/usbd_control.c.obj
                0x00000000100069b4                tud_control_status
 .text.tud_control_xfer
                0x00000000100069e4       0xb8 CMakeFiles/pio_ws2812.dir/home/arnavgadre/pico/pico-sdk/lib/tinyusb/src/device/usbd_control.c.obj
                0x00000000100069e4                tud_control_xfer
 .text.usbd_control_reset
                0x0000000010006a9c       0x14 CMakeFiles/pio_ws2812.dir/home/arnavgadre/pico/pico-sdk/lib/tinyusb/src/device/usbd_control.c.obj
                0x0000000010006a9c                usbd_control_reset
 .text.usbd_control_set_complete_callback
                0x0000000010006ab0        0xc CMakeFiles/pio_ws2812.dir/home/arnavgadre/pico/pico-sdk/lib/tinyusb/src/device/usbd_control.c.obj
                0x0000000010006ab0                usbd_control_set_complete_callback
 .text.usbd_control_set_request
                0x0000000010006abc       0x1c CMakeFiles/pio_ws2812.dir/home/arnavgadre/pico/pico-sdk/lib/tinyusb/src/device/usbd_control.c.obj
                0x0000000010006abc                usbd_control_set_request
 .text.usbd_control_xfer_cb
                0x0000000010006ad8       0xf8 CMakeFiles/pio_ws2812.dir/home/arnavgadre/pico/pico-sdk/lib/tinyusb/src/device/usbd_control.c.obj
                0x0000000010006ad8                usbd_control_xfer_cb
 .text.tud_cdc_n_connected
                0x0000000010006bd0       0x30 CMakeFiles/pio_ws2812.dir/home/arnavgadre/pico/pico-sdk/lib/tinyusb/src/class/cdc/cdc_device.c.obj
                0x0000000010006bd0                tud_cdc_n_connected
 .text.tud_cdc_n_available
                0x0000000010006c00       0x18 CMakeFiles/pio_ws2812.dir/home/arnavgadre/pico/pico-sdk/lib/tinyusb/src/class/cdc/cdc_device.c.obj
                0x0000000010006c00                tud_cdc_n_available
 .text.tud_cdc_n_read
                0x0000000010006c18       0x70 CMakeFiles/pio_ws2812.dir/home/arnavgadre/pico/pico-sdk/lib/tinyusb/src/class/cdc/cdc_device.c.obj
                0x0000000010006c18                tud_cdc_n_read
 .text.tud_cdc_n_write_flush
                0x0000000010006c88       0x78 CMakeFiles/pio_ws2812.dir/home/arnavgadre/pico/pico-sdk/lib/tinyusb/src/class/cdc/cdc_device.c.obj
                0x0000000010006c88                tud_cdc_n_write_flush
 .text.tud_cdc_n_write
                0x0000000010006d00       0x34 CMakeFiles/pio_ws2812.dir/home/arnavgadre/pico/pico-sdk/lib/tinyusb/src/class/cdc/cdc_device.c.obj
                0x0000000010006d00                tud_cdc_n_write
 .text.tud_cdc_n_write_available
                0x0000000010006d34       0x18 CMakeFiles/pio_ws2812.dir/home/arnavgadre/pico/pico-sdk/lib/tinyusb/src/class/cdc/cdc_device.c.obj
                0x0000000010006d34                tud_cdc_n_write_available
 .text.cdcd_init
                0x0000000010006d4c       0x7c CMakeFiles/pio_ws2812.dir/home/arnavgadre/pico/pico-sdk/lib/tinyusb/src/class/cdc/cdc_device.c.obj
                0x0000000010006d4c                cdcd_init
 .text.cdcd_reset
                0x0000000010006dc8       0x2c CMakeFiles/pio_ws2812.dir/home/arnavgadre/pico/pico-sdk/lib/tinyusb/src/class/cdc/cdc_device.c.obj
                0x0000000010006dc8                cdcd_reset
 .text.cdcd_open
                0x0000000010006df4       0xe4 CMakeFiles/pio_ws2812.dir/home/arnavgadre/pico/pico-sdk/lib/tinyusb/src/class/cdc/cdc_device.c.obj
                0x0000000010006df4                cdcd_open
 .text.cdcd_control_xfer_cb
                0x0000000010006ed8       0xe4 CMakeFiles/pio_ws2812.dir/home/arnavgadre/pico/pico-sdk/lib/tinyusb/src/class/cdc/cdc_device.c.obj
                0x0000000010006ed8                cdcd_control_xfer_cb
 .text.cdcd_xfer_cb
                0x0000000010006fbc      0x198 CMakeFiles/pio_ws2812.dir/home/arnavgadre/pico/pico-sdk/lib/tinyusb/src/class/cdc/cdc_device.c.obj
                0x0000000010006fbc                cdcd_xfer_cb
 .text.tusb_init
                0x0000000010007154        0xc CMakeFiles/pio_ws2812.dir/home/arnavgadre/pico/pico-sdk/lib/tinyusb/src/tusb.c.obj
                0x0000000010007154                tusb_init
 .text.tusb_inited
                0x0000000010007160        0x8 CMakeFiles/pio_ws2812.dir/home/arnavgadre/pico/pico-sdk/lib/tinyusb/src/tusb.c.obj
                0x0000000010007160                tusb_inited
 .text.tu_edpt_validate
                0x0000000010007168       0x78 CMakeFiles/pio_ws2812.dir/home/arnavgadre/pico/pico-sdk/lib/tinyusb/src/tusb.c.obj
                0x0000000010007168                tu_edpt_validate
 .text.tu_edpt_bind_driver
                0x00000000100071e0       0x2c CMakeFiles/pio_ws2812.dir/home/arnavgadre/pico/pico-sdk/lib/tinyusb/src/tusb.c.obj
                0x00000000100071e0                tu_edpt_bind_driver
 .text.tu_fifo_config
                0x000000001000720c       0x78 CMakeFiles/pio_ws2812.dir/home/arnavgadre/pico/pico-sdk/lib/tinyusb/src/common/tusb_fifo.c.obj
                0x000000001000720c                tu_fifo_config
 .text.tu_fifo_count
                0x0000000010007284       0x20 CMakeFiles/pio_ws2812.dir/home/arnavgadre/pico/pico-sdk/lib/tinyusb/src/common/tusb_fifo.c.obj
                0x0000000010007284                tu_fifo_count
 .text.tu_fifo_empty
                0x00000000100072a4       0x10 CMakeFiles/pio_ws2812.dir/home/arnavgadre/pico/pico-sdk/lib/tinyusb/src/common/tusb_fifo.c.obj
                0x00000000100072a4                tu_fifo_empty
 .text.tu_fifo_remaining
                0x00000000100072b4       0x1c CMakeFiles/pio_ws2812.dir/home/arnavgadre/pico/pico-sdk/lib/tinyusb/src/common/tusb_fifo.c.obj
                0x00000000100072b4                tu_fifo_remaining
 .text.tu_fifo_read
                0x00000000100072d0       0x9c CMakeFiles/pio_ws2812.dir/home/arnavgadre/pico/pico-sdk/lib/tinyusb/src/common/tusb_fifo.c.obj
                0x00000000100072d0                tu_fifo_read
 .text.tu_fifo_read_n
                0x000000001000736c      0x100 CMakeFiles/pio_ws2812.dir/home/arnavgadre/pico/pico-sdk/lib/tinyusb/src/common/tusb_fifo.c.obj
                0x000000001000736c                tu_fifo_read_n
 .text.tu_fifo_write
                0x000000001000746c       0x7c CMakeFiles/pio_ws2812.dir/home/arnavgadre/pico/pico-sdk/lib/tinyusb/src/common/tusb_fifo.c.obj
                0x000000001000746c                tu_fifo_write
 .text.tu_fifo_write_n
                0x00000000100074e8       0xf8 CMakeFiles/pio_ws2812.dir/home/arnavgadre/pico/pico-sdk/lib/tinyusb/src/common/tusb_fifo.c.obj
                0x00000000100074e8                tu_fifo_write_n
 .text.tu_fifo_clear
                0x00000000100075e0       0x4c CMakeFiles/pio_ws2812.dir/home/arnavgadre/pico/pico-sdk/lib/tinyusb/src/common/tusb_fifo.c.obj
                0x00000000100075e0                tu_fifo_clear
 .text.tu_fifo_set_overwritable
                0x000000001000762c       0x3c CMakeFiles/pio_ws2812.dir/home/arnavgadre/pico/pico-sdk/lib/tinyusb/src/common/tusb_fifo.c.obj
                0x000000001000762c                tu_fifo_set_overwritable
 .text.startup._retrieve_unique_id_on_boot
                0x0000000010007668       0x10 CMakeFiles/pio_ws2812.dir/home/arnavgadre/pico/pico-sdk/src/rp2_common/pico_unique_id/unique_id.c.obj
 .text.pico_get_unique_board_id_string
                0x0000000010007678      0x1bc CMakeFiles/pio_ws2812.dir/home/arnavgadre/pico/pico-sdk/src/rp2_common/pico_unique_id/unique_id.c.obj
                0x0000000010007678                pico_get_unique_board_id_string
 .text.flash_get_unique_id
                0x0000000010007834       0x40 CMakeFiles/pio_ws2812.dir/home/arnavgadre/pico/pico-sdk/src/rp2_common/hardware_flash/flash.c.obj
                0x0000000010007834                flash_get_unique_id
 .text.pio_add_program
                0x0000000010007874       0xe4 CMakeFiles/pio_ws2812.dir/home/arnavgadre/pico/pico-sdk/src/rp2_common/hardware_pio/pio.c.obj
                0x0000000010007874                pio_add_program
 .text.pio_sm_set_consecutive_pindirs
                0x0000000010007958       0x88 CMakeFiles/pio_ws2812.dir/home/arnavgadre/pico/pico-sdk/src/rp2_common/hardware_pio/pio.c.obj
                0x0000000010007958                pio_sm_set_consecutive_pindirs
 .text.pio_sm_init
                0x00000000100079e0       0x90 CMakeFiles/pio_ws2812.dir/home/arnavgadre/pico/pico-sdk/src/rp2_common/hardware_pio/pio.c.obj
                0x00000000100079e0                pio_sm_init
 .text          0x0000000010007a70       0x5c /usr/lib/gcc/arm-none-eabi/9.2.1/../../../arm-none-eabi/lib/thumb/v6-m/nofp/libc.a(lib_a-callocr.o)
                0x0000000010007a70                _calloc_r
 .text          0x0000000010007acc      0x58c /usr/lib/gcc/arm-none-eabi/9.2.1/../../../arm-none-eabi/lib/thumb/v6-m/nofp/libc.a(lib_a-mallocr.o)
                0x0000000010007acc                _malloc_r
 .text          0x0000000010008058        0x8 /usr/lib/gcc/arm-none-eabi/9.2.1/../../../arm-none-eabi/lib/thumb/v6-m/nofp/libc.a(lib_a-mlock.o)
                0x0000000010008058                __malloc_lock
                0x000000001000805c                __malloc_unlock
 .text          0x0000000010008060      0x35c /usr/lib/gcc/arm-none-eabi/9.2.1/../../../arm-none-eabi/lib/thumb/v6-m/nofp/libc.a(lib_a-reallocr.o)
                0x0000000010008060                _realloc_r
 .text          0x00000000100083bc       0x24 /usr/lib/gcc/arm-none-eabi/9.2.1/../../../arm-none-eabi/lib/thumb/v6-m/nofp/libc.a(lib_a-sbrkr.o)
                0x00000000100083bc                _sbrk_r
 .text          0x00000000100083e0       0x40 /usr/lib/gcc/arm-none-eabi/9.2.1/../../../arm-none-eabi/lib/thumb/v6-m/nofp/libc.a(lib_a-scanf.o)
                0x00000000100083e0                scanf
                0x0000000010008404                _scanf_r
 .text          0x0000000010008420       0x68 /usr/lib/gcc/arm-none-eabi/9.2.1/../../../arm-none-eabi/lib/thumb/v6-m/nofp/libc.a(lib_a-strlen-stub.o)
                0x0000000010008420                strlen
 .text          0x0000000010008488      0xfec /usr/lib/gcc/arm-none-eabi/9.2.1/../../../arm-none-eabi/lib/thumb/v6-m/nofp/libc.a(lib_a-vfscanf.o)
                0x0000000010008488                __svfscanf_r
                0x0000000010009404                vfscanf
                0x0000000010009434                __svfscanf
                0x000000001000944c                _vfscanf_r
 .text          0x0000000010009474      0x220 /usr/lib/gcc/arm-none-eabi/9.2.1/../../../arm-none-eabi/lib/thumb/v6-m/nofp/libc.a(lib_a-findfp.o)
                0x0000000010009478                _cleanup_r
                0x0000000010009574                __sfmoreglue
                0x00000000100095a4                __sfp
                0x000000001000962c                _cleanup
                0x0000000010009644                __sinit
                0x0000000010009654                __sfp_lock_acquire
                0x0000000010009658                __sfp_lock_release
                0x000000001000965c                __sinit_lock_acquire
                0x0000000010009660                __sinit_lock_release
                0x0000000010009664                __fp_lock_all
                0x000000001000967c                __fp_unlock_all
 .text          0x0000000010009694      0x19c /usr/lib/gcc/arm-none-eabi/9.2.1/../../../arm-none-eabi/lib/thumb/v6-m/nofp/libc.a(lib_a-fread.o)
                0x0000000010009694                _fread_r
                0x0000000010009810                fread
 .text          0x0000000010009830      0x27c /usr/lib/gcc/arm-none-eabi/9.2.1/../../../arm-none-eabi/lib/thumb/v6-m/nofp/libc.a(lib_a-freer.o)
                0x0000000010009830                _malloc_trim_r
                0x00000000100098d0                _free_r
 .text          0x0000000010009aac       0x90 /usr/lib/gcc/arm-none-eabi/9.2.1/../../../arm-none-eabi/lib/thumb/v6-m/nofp/libc.a(lib_a-fwalk.o)
                0x0000000010009aac                _fwalk
                0x0000000010009af0                _fwalk_reent
 .text          0x0000000010009b3c        0xc /usr/lib/gcc/arm-none-eabi/9.2.1/../../../arm-none-eabi/lib/thumb/v6-m/nofp/libc.a(lib_a-iswspace.o)
                0x0000000010009b3c                iswspace
 .text          0x0000000010009b48       0x18 /usr/lib/gcc/arm-none-eabi/9.2.1/../../../arm-none-eabi/lib/thumb/v6-m/nofp/libc.a(lib_a-iswspace_l.o)
                0x0000000010009b48                iswspace_l
 .text          0x0000000010009b60       0x6c /usr/lib/gcc/arm-none-eabi/9.2.1/../../../arm-none-eabi/lib/thumb/v6-m/nofp/libc.a(lib_a-locale.o)
                0x0000000010009b60                _setlocale_r
                0x0000000010009ba4                __locale_mb_cur_max
                0x0000000010009bb4                setlocale
 .text          0x0000000010009bcc       0x14 /usr/lib/gcc/arm-none-eabi/9.2.1/../../../arm-none-eabi/lib/thumb/v6-m/nofp/libc.a(lib_a-localeconv.o)
                0x0000000010009bcc                __localeconv_l
                0x0000000010009bd0                _localeconv_r
                0x0000000010009bd8                localeconv
 .text          0x0000000010009be0       0x94 /usr/lib/gcc/arm-none-eabi/9.2.1/../../../arm-none-eabi/lib/thumb/v6-m/nofp/libc.a(lib_a-mbrtowc.o)
                0x0000000010009be0                _mbrtowc_r
                0x0000000010009c28                mbrtowc
 .text          0x0000000010009c74       0x44 /usr/lib/gcc/arm-none-eabi/9.2.1/../../../arm-none-eabi/lib/thumb/v6-m/nofp/libc.a(lib_a-mbtowc_r.o)
                0x0000000010009c74                _mbtowc_r
                0x0000000010009c8c                __ascii_mbtowc
 .text          0x0000000010009cb8      0x140 /usr/lib/gcc/arm-none-eabi/9.2.1/../../../arm-none-eabi/lib/thumb/v6-m/nofp/libc.a(lib_a-refill.o)
                0x0000000010009cd4                __srefill_r
 .text          0x0000000010009df8       0x6c /usr/lib/gcc/arm-none-eabi/9.2.1/../../../arm-none-eabi/lib/thumb/v6-m/nofp/libc.a(lib_a-sccl.o)
                0x0000000010009df8                __sccl
 .text          0x0000000010009e64        0x8 /usr/lib/gcc/arm-none-eabi/9.2.1/../../../arm-none-eabi/lib/thumb/v6-m/nofp/libc.a(lib_a-sf_nan.o)
                0x0000000010009e64                nanf
 .text          0x0000000010009e6c       0xa4 /usr/lib/gcc/arm-none-eabi/9.2.1/../../../arm-none-eabi/lib/thumb/v6-m/nofp/libc.a(lib_a-stdio.o)
                0x0000000010009e6c                __sread
                0x0000000010009e94                __seofread
                0x0000000010009e98                __swrite
                0x0000000010009ed8                __sseek
                0x0000000010009f04                __sclose
 .text          0x0000000010009f10       0x88 /usr/lib/gcc/arm-none-eabi/9.2.1/../../../arm-none-eabi/lib/thumb/v6-m/nofp/libc.a(lib_a-strcmp.o)
                0x0000000010009f10                strcmp
 .text          0x0000000010009f98     0x10b8 /usr/lib/gcc/arm-none-eabi/9.2.1/../../../arm-none-eabi/lib/thumb/v6-m/nofp/libc.a(lib_a-strtod.o)
                0x0000000010009fc8                _strtod_l
                0x000000001000aea8                _strtod_r
                0x000000001000aeb8                strtod_l
                0x000000001000aed0                strtod
                0x000000001000aeec                strtof_l
                0x000000001000af9c                strtof
 .text          0x000000001000b050      0x184 /usr/lib/gcc/arm-none-eabi/9.2.1/../../../arm-none-eabi/lib/thumb/v6-m/nofp/libc.a(lib_a-strtol.o)
                0x000000001000b19c                _strtol_r
                0x000000001000b1a4                strtol_l
                0x000000001000b1bc                strtol
 .text          0x000000001000b1d4      0x1d8 /usr/lib/gcc/arm-none-eabi/9.2.1/../../../arm-none-eabi/lib/thumb/v6-m/nofp/libc.a(lib_a-strtoll.o)
                0x000000001000b374                _strtoll_r
                0x000000001000b37c                strtoll_l
                0x000000001000b394                strtoll
 .text          0x000000001000b3ac      0x180 /usr/lib/gcc/arm-none-eabi/9.2.1/../../../arm-none-eabi/lib/thumb/v6-m/nofp/libc.a(lib_a-strtoul.o)
                0x000000001000b4f4                _strtoul_r
                0x000000001000b4fc                strtoul_l
                0x000000001000b514                strtoul
 .text          0x000000001000b52c      0x1f4 /usr/lib/gcc/arm-none-eabi/9.2.1/../../../arm-none-eabi/lib/thumb/v6-m/nofp/libc.a(lib_a-strtoull.o)
                0x000000001000b6e8                _strtoull_r
                0x000000001000b6f0                strtoull_l
                0x000000001000b708                strtoull
 .text          0x000000001000b720      0x184 /usr/lib/gcc/arm-none-eabi/9.2.1/../../../arm-none-eabi/lib/thumb/v6-m/nofp/libc.a(lib_a-ungetc.o)
                0x000000001000b720                __submore
                0x000000001000b7a4                _ungetc_r
                0x000000001000b88c                ungetc
 .text          0x000000001000b8a4       0x2c /usr/lib/gcc/arm-none-eabi/9.2.1/../../../arm-none-eabi/lib/thumb/v6-m/nofp/libc.a(lib_a-wctomb_r.o)
                0x000000001000b8a4                _wctomb_r
                0x000000001000b8b4                __ascii_wctomb
 .text          0x000000001000b8d0       0x28 /usr/lib/gcc/arm-none-eabi/9.2.1/../../../arm-none-eabi/lib/thumb/v6-m/nofp/libc.a(lib_a-writer.o)
                0x000000001000b8d0                _write_r
 .text          0x000000001000b8f8       0x24 /usr/lib/gcc/arm-none-eabi/9.2.1/../../../arm-none-eabi/lib/thumb/v6-m/nofp/libc.a(lib_a-closer.o)
                0x000000001000b8f8                _close_r
 .text          0x000000001000b91c        0xc /usr/lib/gcc/arm-none-eabi/9.2.1/../../../arm-none-eabi/lib/thumb/v6-m/nofp/libc.a(lib_a-errno.o)
                0x000000001000b91c                __errno
 .text          0x000000001000b928       0xac /usr/lib/gcc/arm-none-eabi/9.2.1/../../../arm-none-eabi/lib/thumb/v6-m/nofp/libc.a(lib_a-fclose.o)
                0x000000001000b928                _fclose_r
                0x000000001000b9c0                fclose
 .text          0x000000001000b9d4      0x1b4 /usr/lib/gcc/arm-none-eabi/9.2.1/../../../arm-none-eabi/lib/thumb/v6-m/nofp/libc.a(lib_a-fflush.o)
                0x000000001000b9d4                __sflush_r
                0x000000001000bb34                _fflush_r
                0x000000001000bb60                fflush
 .text          0x000000001000bb88      0x634 /usr/lib/gcc/arm-none-eabi/9.2.1/../../../arm-none-eabi/lib/thumb/v6-m/nofp/libc.a(lib_a-gdtoa-gethex.o)
                0x000000001000bc2c                __gethex
 .text          0x000000001000c1bc      0x1d8 /usr/lib/gcc/arm-none-eabi/9.2.1/../../../arm-none-eabi/lib/thumb/v6-m/nofp/libc.a(lib_a-gdtoa-hexnan.o)
                0x000000001000c1bc                __match
                0x000000001000c1e8                __hexnan
 .text          0x000000001000c394       0x28 /usr/lib/gcc/arm-none-eabi/9.2.1/../../../arm-none-eabi/lib/thumb/v6-m/nofp/libc.a(lib_a-lseekr.o)
                0x000000001000c394                _lseek_r
 .text          0x000000001000c3bc       0xf0 /usr/lib/gcc/arm-none-eabi/9.2.1/../../../arm-none-eabi/lib/thumb/v6-m/nofp/libc.a(lib_a-makebuf.o)
                0x000000001000c3bc                __swhatbuf_r
                0x000000001000c41c                __smakebuf_r
 .text          0x000000001000c4ac      0xa38 /usr/lib/gcc/arm-none-eabi/9.2.1/../../../arm-none-eabi/lib/thumb/v6-m/nofp/libc.a(lib_a-mprec.o)
                0x000000001000c4ac                _Balloc
                0x000000001000c4fc                _Bfree
                0x000000001000c510                __multadd
                0x000000001000c5c0                __s2b
                0x000000001000c66c                __hi0bits
                0x000000001000c6a4                __lo0bits
                0x000000001000c700                __i2b
                0x000000001000c72c                __multiply
                0x000000001000c8b8                __pow5mult
                0x000000001000c96c                __lshift
                0x000000001000ca50                __mcmp
                0x000000001000ca84                __mdiff
                0x000000001000cbcc                __ulp
                0x000000001000cc14                __b2d
                0x000000001000cccc                __d2b
                0x000000001000cda4                __ratio
                0x000000001000ce18                _mprec_log10
                0x000000001000ce4c                __copybits
                0x000000001000ce8c                __any_on
 .text          0x000000001000cee4       0x28 /usr/lib/gcc/arm-none-eabi/9.2.1/../../../arm-none-eabi/lib/thumb/v6-m/nofp/libc.a(lib_a-readr.o)
                0x000000001000cee4                _read_r
 .text          0x000000001000cf0c        0xc /usr/lib/gcc/arm-none-eabi/9.2.1/../../../arm-none-eabi/lib/thumb/v6-m/nofp/libc.a(lib_a-s_nan.o)
                0x000000001000cf0c                nan
 .text          0x000000001000cf18       0x94 /usr/lib/gcc/arm-none-eabi/9.2.1/../../../arm-none-eabi/lib/thumb/v6-m/nofp/libc.a(lib_a-strncmp.o)
                0x000000001000cf18                strncmp
 .text          0x000000001000cfac       0x28 /usr/lib/gcc/arm-none-eabi/9.2.1/../../../arm-none-eabi/lib/thumb/v6-m/nofp/libc.a(lib_a-fstatr.o)
                0x000000001000cfac                _fstat_r
 .text          0x000000001000cfd4       0x24 /usr/lib/gcc/arm-none-eabi/9.2.1/../../../arm-none-eabi/lib/thumb/v6-m/nofp/libc.a(lib_a-isattyr.o)
                0x000000001000cfd4                _isatty_r
 .text          0x000000001000cff8       0x10 /usr/lib/gcc/arm-none-eabi/9.2.1/../../../arm-none-eabi/lib/thumb/v6-m/nofp/libnosys.a(close.o)
                0x000000001000cff8                _close
 .text          0x000000001000d008       0x10 /usr/lib/gcc/arm-none-eabi/9.2.1/../../../arm-none-eabi/lib/thumb/v6-m/nofp/libnosys.a(fstat.o)
                0x000000001000d008                _fstat
 .text          0x000000001000d018       0x10 /usr/lib/gcc/arm-none-eabi/9.2.1/../../../arm-none-eabi/lib/thumb/v6-m/nofp/libnosys.a(isatty.o)
                0x000000001000d018                _isatty
 .text          0x000000001000d028       0x10 /usr/lib/gcc/arm-none-eabi/9.2.1/../../../arm-none-eabi/lib/thumb/v6-m/nofp/libnosys.a(lseek.o)
                0x000000001000d028                _lseek
 *(.fini)
 .fini          0x000000001000d038        0x4 /usr/lib/gcc/arm-none-eabi/9.2.1/thumb/v6-m/nofp/crti.o
                0x000000001000d038                _fini
 *fill*         0x000000001000d03c        0x4 
 .fini.__stub   0x000000001000d040       0x80 linker stubs
 *crtbegin.o(.ctors)
 *crtbegin?.o(.ctors)
 *(EXCLUDE_FILE(*crtend.o *crtend?.o) .ctors)
 *(SORT_BY_NAME(.ctors.*))
 *(.ctors)
 *crtbegin.o(.dtors)
 *crtbegin?.o(.dtors)
 *(EXCLUDE_FILE(*crtend.o *crtend?.o) .dtors)
 *(SORT_BY_NAME(.dtors.*))
 *(.dtors)
 *(.eh_frame*)
 .eh_frame      0x000000001000d0c0        0x0 /usr/lib/gcc/arm-none-eabi/9.2.1/thumb/v6-m/nofp/crtbegin.o
                0x000000001000d0c0                . = ALIGN (0x4)

.glue_7         0x000000001000d0c0        0x0
 .glue_7        0x000000001000d0c0        0x0 linker stubs

.glue_7t        0x000000001000d0c0        0x0
 .glue_7t       0x000000001000d0c0        0x0 linker stubs

.vfp11_veneer   0x000000001000d0c0        0x0
 .vfp11_veneer  0x000000001000d0c0        0x0 linker stubs

.v4_bx          0x000000001000d0c0        0x0
 .v4_bx         0x000000001000d0c0        0x0 linker stubs

.iplt           0x000000001000d0c0        0x0
 .iplt          0x000000001000d0c0        0x0 /usr/lib/gcc/arm-none-eabi/9.2.1/thumb/v6-m/nofp/crtbegin.o

.rodata         0x000000001000d0c0      0xeb4
 *(EXCLUDE_FILE(*libm.a: *libc.a:*lib_a-mem*.o *libgcc.a:) .rodata*)
 .rodata.main.str1.4
                0x000000001000d0c0       0x31 CMakeFiles/pio_ws2812.dir/ws2812.c.obj
 *fill*         0x000000001000d0f1        0x3 
 .rodata.ws2812_program
                0x000000001000d0f4        0x6 CMakeFiles/pio_ws2812.dir/ws2812.c.obj
 *fill*         0x000000001000d0fa        0x2 
 .rodata.ws2812_program_instructions
                0x000000001000d0fc        0x8 CMakeFiles/pio_ws2812.dir/ws2812.c.obj
 .rodata.spin_lock_claim_unused.str1.4
                0x000000001000d104       0x1b CMakeFiles/pio_ws2812.dir/home/arnavgadre/pico/pico-sdk/src/rp2_common/hardware_sync/sync.c.obj
 *fill*         0x000000001000d11f        0x1 
 .rodata.user_irq_claim_unused.str1.4
                0x000000001000d120       0x1b CMakeFiles/pio_ws2812.dir/home/arnavgadre/pico/pico-sdk/src/rp2_common/hardware_irq/irq.c.obj
 *fill*         0x000000001000d13b        0x5 
 .rodata.at_the_end_of_time
                0x000000001000d140        0x8 CMakeFiles/pio_ws2812.dir/home/arnavgadre/pico/pico-sdk/src/common/pico_time/time.c.obj
                0x000000001000d140                at_the_end_of_time
 .rodata.hardware_alarm_claim.str1.4
                0x000000001000d148       0x22 CMakeFiles/pio_ws2812.dir/home/arnavgadre/pico/pico-sdk/src/rp2_common/hardware_timer/timer.c.obj
 *fill*         0x000000001000d16a        0x2 
 .rodata.__assert_func.str1.4
                0x000000001000d16c       0x3f CMakeFiles/pio_ws2812.dir/home/arnavgadre/pico/pico-sdk/src/rp2_common/pico_runtime/runtime.c.obj
                                         0x43 (size before relaxing)
 *fill*         0x000000001000d1ab        0x1 
 .rodata.panic.str1.4
                0x000000001000d1ac       0x12 CMakeFiles/pio_ws2812.dir/home/arnavgadre/pico/pico-sdk/src/rp2_common/pico_runtime/runtime.c.obj
 *fill*         0x000000001000d1be        0x2 
 .rodata.hard_assertion_failure.str1.4
                0x000000001000d1c0        0xc CMakeFiles/pio_ws2812.dir/home/arnavgadre/pico/pico-sdk/src/rp2_common/pico_runtime/runtime.c.obj
 .rodata._ftoa.str1.4
                0x000000001000d1cc       0x15 CMakeFiles/pio_ws2812.dir/home/arnavgadre/pico/pico-sdk/src/rp2_common/pico_printf/printf.c.obj
 *fill*         0x000000001000d1e1        0x3 
 .rodata._vsnprintf
                0x000000001000d1e4      0x1e0 CMakeFiles/pio_ws2812.dir/home/arnavgadre/pico/pico-sdk/src/rp2_common/pico_printf/printf.c.obj
 *fill*         0x000000001000d3c4        0x4 
 .rodata.pow10.5444
                0x000000001000d3c8       0x50 CMakeFiles/pio_ws2812.dir/home/arnavgadre/pico/pico-sdk/src/rp2_common/pico_printf/printf.c.obj
 .rodata.str1.4
                0x000000001000d418       0x40 CMakeFiles/pio_ws2812.dir/home/arnavgadre/pico/pico-sdk/src/rp2_common/pico_standard_link/binary_info.c.obj
 .rodata.__bi_44
                0x000000001000d458        0xc CMakeFiles/pio_ws2812.dir/home/arnavgadre/pico/pico-sdk/src/rp2_common/pico_standard_link/binary_info.c.obj
 .rodata.__bi_75
                0x000000001000d464        0xc CMakeFiles/pio_ws2812.dir/home/arnavgadre/pico/pico-sdk/src/rp2_common/pico_standard_link/binary_info.c.obj
 .rodata.__bi_81
                0x000000001000d470        0xc CMakeFiles/pio_ws2812.dir/home/arnavgadre/pico/pico-sdk/src/rp2_common/pico_standard_link/binary_info.c.obj
 .rodata.crlf_str.5913
                0x000000001000d47c        0x2 CMakeFiles/pio_ws2812.dir/home/arnavgadre/pico/pico-sdk/src/rp2_common/pico_stdio/stdio.c.obj
 *fill*         0x000000001000d47e        0x2 
 .rodata._resetd_driver
                0x000000001000d480       0x18 CMakeFiles/pio_ws2812.dir/home/arnavgadre/pico/pico-sdk/src/rp2_common/pico_stdio_usb/reset_interface.c.obj
 .rodata.str1.4
                0x000000001000d498       0x13 CMakeFiles/pio_ws2812.dir/home/arnavgadre/pico/pico-sdk/src/rp2_common/pico_stdio_usb/stdio_usb.c.obj
 *fill*         0x000000001000d4ab        0x1 
 .rodata.__bi_118.7207
                0x000000001000d4ac        0xc CMakeFiles/pio_ws2812.dir/home/arnavgadre/pico/pico-sdk/src/rp2_common/pico_stdio_usb/stdio_usb.c.obj
 .rodata.str1.4
                0x000000001000d4b8       0x2a CMakeFiles/pio_ws2812.dir/home/arnavgadre/pico/pico-sdk/src/rp2_common/pico_stdio_usb/stdio_usb_descriptors.c.obj
 *fill*         0x000000001000d4e2        0x2 
 .rodata.usbd_desc_cfg
                0x000000001000d4e4       0x54 CMakeFiles/pio_ws2812.dir/home/arnavgadre/pico/pico-sdk/src/rp2_common/pico_stdio_usb/stdio_usb_descriptors.c.obj
 .rodata.usbd_desc_device
                0x000000001000d538       0x12 CMakeFiles/pio_ws2812.dir/home/arnavgadre/pico/pico-sdk/src/rp2_common/pico_stdio_usb/stdio_usb_descriptors.c.obj
 *fill*         0x000000001000d54a        0x2 
 .rodata.usbd_desc_str
                0x000000001000d54c       0x18 CMakeFiles/pio_ws2812.dir/home/arnavgadre/pico/pico-sdk/src/rp2_common/pico_stdio_usb/stdio_usb_descriptors.c.obj
 .rodata.dcd_rp2040_irq.str1.4
                0x000000001000d564       0x14 CMakeFiles/pio_ws2812.dir/home/arnavgadre/pico/pico-sdk/lib/tinyusb/src/portable/raspberrypi/rp2040/dcd_rp2040.c.obj
 .rodata._hw_endpoint_buffer_control_update32.part.0.str1.4
                0x000000001000d578       0x1f CMakeFiles/pio_ws2812.dir/home/arnavgadre/pico/pico-sdk/lib/tinyusb/src/portable/raspberrypi/rp2040/rp2040_usb.c.obj
 *fill*         0x000000001000d597        0x1 
 .rodata.hw_endpoint_xfer_continue.str1.4
                0x000000001000d598       0x29 CMakeFiles/pio_ws2812.dir/home/arnavgadre/pico/pico-sdk/lib/tinyusb/src/portable/raspberrypi/rp2040/rp2040_usb.c.obj
 *fill*         0x000000001000d5c1        0x3 
 .rodata.str1.4
                0x000000001000d5c4        0x7 CMakeFiles/pio_ws2812.dir/home/arnavgadre/pico/pico-sdk/lib/tinyusb/src/portable/raspberrypi/rp2040/rp2040_usb.c.obj
 *fill*         0x000000001000d5cb        0x1 
 .rodata.tud_task
                0x000000001000d5cc       0x8c CMakeFiles/pio_ws2812.dir/home/arnavgadre/pico/pico-sdk/lib/tinyusb/src/device/usbd.c.obj
 .rodata._usbd_driver
                0x000000001000d658       0x18 CMakeFiles/pio_ws2812.dir/home/arnavgadre/pico/pico-sdk/lib/tinyusb/src/device/usbd.c.obj
 .rodata.pio_add_program.str1.4
                0x000000001000d670       0x11 CMakeFiles/pio_ws2812.dir/home/arnavgadre/pico/pico-sdk/src/rp2_common/hardware_pio/pio.c.obj
 *fill*         0x000000001000d681        0x3 
 .rodata        0x000000001000d684        0x4 /usr/lib/gcc/arm-none-eabi/9.2.1/../../../arm-none-eabi/lib/thumb/v6-m/nofp/libc.a(lib_a-impure.o)
                0x000000001000d684                _global_impure_ptr
 .rodata        0x000000001000d688      0x3e6 /usr/lib/gcc/arm-none-eabi/9.2.1/../../../arm-none-eabi/lib/thumb/v6-m/nofp/libc.a(lib_a-vfscanf.o)
 *fill*         0x000000001000da6e        0x2 
 .rodata.str1.4
                0x000000001000da70        0x5 /usr/lib/gcc/arm-none-eabi/9.2.1/../../../arm-none-eabi/lib/thumb/v6-m/nofp/libc.a(lib_a-vfscanf.o)
                                          0x9 (size before relaxing)
 *fill*         0x000000001000da75        0x3 
 .rodata        0x000000001000da78      0x101 /usr/lib/gcc/arm-none-eabi/9.2.1/../../../arm-none-eabi/lib/thumb/v6-m/nofp/libc.a(lib_a-ctype_.o)
                0x000000001000da78                _ctype_
 *fill*         0x000000001000db79        0x3 
 .rodata.str1.4
                0x000000001000db7c        0xa /usr/lib/gcc/arm-none-eabi/9.2.1/../../../arm-none-eabi/lib/thumb/v6-m/nofp/libc.a(lib_a-locale.o)
                                         0x12 (size before relaxing)
 .rodata.str1.4
                0x000000001000db86        0x1 /usr/lib/gcc/arm-none-eabi/9.2.1/../../../arm-none-eabi/lib/thumb/v6-m/nofp/libc.a(lib_a-mbrtowc.o)
 *fill*         0x000000001000db86        0x2 
 .rodata        0x000000001000db88      0x120 /usr/lib/gcc/arm-none-eabi/9.2.1/../../../arm-none-eabi/lib/thumb/v6-m/nofp/libc.a(lib_a-strtod.o)
 .rodata.str1.4
                0x000000001000dca8        0xf /usr/lib/gcc/arm-none-eabi/9.2.1/../../../arm-none-eabi/lib/thumb/v6-m/nofp/libc.a(lib_a-strtod.o)
                                         0x11 (size before relaxing)
 *fill*         0x000000001000dcb7        0x1 
 .rodata        0x000000001000dcb8      0x100 /usr/lib/gcc/arm-none-eabi/9.2.1/../../../arm-none-eabi/lib/thumb/v6-m/nofp/libc.a(lib_a-gdtoa-gethex.o)
                0x000000001000dcb8                __hexdig
 .rodata.str1.4
                0x000000001000ddb8       0x4e /usr/lib/gcc/arm-none-eabi/9.2.1/../../../arm-none-eabi/lib/thumb/v6-m/nofp/libc.a(lib_a-gdtoa-gethex.o)
 *fill*         0x000000001000de06        0x2 
 .rodata        0x000000001000de08        0xc /usr/lib/gcc/arm-none-eabi/9.2.1/../../../arm-none-eabi/lib/thumb/v6-m/nofp/libc.a(lib_a-lnumeric.o)
                0x000000001000de08                _C_numeric_locale
 .rodata.str1.4
                0x000000001000de14        0x5 /usr/lib/gcc/arm-none-eabi/9.2.1/../../../arm-none-eabi/lib/thumb/v6-m/nofp/libc.a(lib_a-lnumeric.o)
 *fill*         0x000000001000de14        0x4 
 .rodata        0x000000001000de18      0x128 /usr/lib/gcc/arm-none-eabi/9.2.1/../../../arm-none-eabi/lib/thumb/v6-m/nofp/libc.a(lib_a-mprec.o)
                0x000000001000de28                __mprec_tinytens
                0x000000001000de50                __mprec_bigtens
                0x000000001000de78                __mprec_tens
 .rodata.str1.4
                0x000000001000df40       0x33 /usr/lib/gcc/arm-none-eabi/9.2.1/../../../arm-none-eabi/lib/thumb/v6-m/nofp/libc.a(lib_a-mprec.o)
                                         0x47 (size before relaxing)
                0x000000001000df74                . = ALIGN (0x4)
 *fill*         0x000000001000df73        0x1 
 *(SORT_BY_ALIGNMENT(SORT_BY_NAME(.flashdata*)))
                0x000000001000df74                . = ALIGN (0x4)

.rel.dyn        0x000000001000df74        0x0
 .rel.iplt      0x000000001000df74        0x0 /usr/lib/gcc/arm-none-eabi/9.2.1/thumb/v6-m/nofp/crtbegin.o

.ARM.extab
 *(.ARM.extab* .gnu.linkonce.armextab.*)
                0x000000001000df74                __exidx_start = .

.ARM.exidx
 *(.ARM.exidx* .gnu.linkonce.armexidx.*)
                0x000000001000df74                __exidx_end = .
                0x000000001000df74                . = ALIGN (0x4)
                0x000000001000df74                __binary_info_start = .

.binary_info    0x000000001000df74       0x20
 *(.binary_info.keep.*)
 .binary_info.keep.__bi_ptr22
                0x000000001000df74        0x4 CMakeFiles/pio_ws2812.dir/home/arnavgadre/pico/pico-sdk/src/rp2_common/pico_standard_link/binary_info.c.obj
 .binary_info.keep.__bi_ptr30
                0x000000001000df78        0x4 CMakeFiles/pio_ws2812.dir/home/arnavgadre/pico/pico-sdk/src/rp2_common/pico_standard_link/binary_info.c.obj
 .binary_info.keep.__bi_ptr38
                0x000000001000df7c        0x4 CMakeFiles/pio_ws2812.dir/home/arnavgadre/pico/pico-sdk/src/rp2_common/pico_standard_link/binary_info.c.obj
 .binary_info.keep.__bi_ptr44
                0x000000001000df80        0x4 CMakeFiles/pio_ws2812.dir/home/arnavgadre/pico/pico-sdk/src/rp2_common/pico_standard_link/binary_info.c.obj
 .binary_info.keep.__bi_ptr50
                0x000000001000df84        0x4 CMakeFiles/pio_ws2812.dir/home/arnavgadre/pico/pico-sdk/src/rp2_common/pico_standard_link/binary_info.c.obj
 .binary_info.keep.__bi_ptr75
                0x000000001000df88        0x4 CMakeFiles/pio_ws2812.dir/home/arnavgadre/pico/pico-sdk/src/rp2_common/pico_standard_link/binary_info.c.obj
 .binary_info.keep.__bi_ptr81
                0x000000001000df8c        0x4 CMakeFiles/pio_ws2812.dir/home/arnavgadre/pico/pico-sdk/src/rp2_common/pico_standard_link/binary_info.c.obj
 *(.binary_info.*)
 .binary_info.__bi_ptr118
                0x000000001000df90        0x4 CMakeFiles/pio_ws2812.dir/home/arnavgadre/pico/pico-sdk/src/rp2_common/pico_stdio_usb/stdio_usb.c.obj
                0x000000001000df94                __binary_info_end = .
                0x000000001000df94                . = ALIGN (0x4)
                0x000000001000df94                __etext = .

.ram_vector_table
                0x0000000020000000       0xc0
 *(.ram_vector_table)
 .ram_vector_table
                0x0000000020000000       0xc0 CMakeFiles/pio_ws2812.dir/home/arnavgadre/pico/pico-sdk/src/rp2_common/pico_runtime/runtime.c.obj
                0x0000000020000000                ram_vector_table

.data           0x00000000200000c0      0xe30 load address 0x000000001000df94
                0x00000000200000c0                __data_start__ = .
 *(vtable)
 *(.time_critical*)
 .time_critical.mutex_enter_blocking
                0x00000000200000c0       0x48 CMakeFiles/pio_ws2812.dir/home/arnavgadre/pico/pico-sdk/src/common/pico_sync/mutex.c.obj
                0x00000000200000c0                mutex_enter_blocking
 .time_critical.mutex_try_enter
                0x0000000020000108       0x48 CMakeFiles/pio_ws2812.dir/home/arnavgadre/pico/pico-sdk/src/common/pico_sync/mutex.c.obj
                0x0000000020000108                mutex_try_enter
 .time_critical.mutex_enter_timeout_ms
                0x0000000020000150       0x98 CMakeFiles/pio_ws2812.dir/home/arnavgadre/pico/pico-sdk/src/common/pico_sync/mutex.c.obj
                0x0000000020000150                mutex_enter_timeout_ms
 .time_critical.mutex_exit
                0x00000000200001e8       0x28 CMakeFiles/pio_ws2812.dir/home/arnavgadre/pico/pico-sdk/src/common/pico_sync/mutex.c.obj
                0x00000000200001e8                mutex_exit
 .time_critical.flash_init_boot2_copyout
                0x0000000020000210       0x30 CMakeFiles/pio_ws2812.dir/home/arnavgadre/pico/pico-sdk/src/rp2_common/hardware_flash/flash.c.obj
 .time_critical.flash_enable_xip_via_boot2
                0x0000000020000240       0x10 CMakeFiles/pio_ws2812.dir/home/arnavgadre/pico/pico-sdk/src/rp2_common/hardware_flash/flash.c.obj
 .time_critical.flash_cs_force
                0x0000000020000250       0x38 CMakeFiles/pio_ws2812.dir/home/arnavgadre/pico/pico-sdk/src/rp2_common/hardware_flash/flash.c.obj
 .time_critical.flash_do_cmd
                0x0000000020000288       0xc4 CMakeFiles/pio_ws2812.dir/home/arnavgadre/pico/pico-sdk/src/rp2_common/hardware_flash/flash.c.obj
                0x0000000020000288                flash_do_cmd
 *(.text*)
 .text          0x000000002000034c        0x4 /usr/lib/gcc/arm-none-eabi/9.2.1/thumb/v6-m/nofp/libgcc.a(_dvmd_tls.o)
                0x000000002000034c                __aeabi_ldiv0
                0x000000002000034c                __aeabi_idiv0
 .text          0x0000000020000350       0xbc /usr/lib/gcc/arm-none-eabi/9.2.1/../../../arm-none-eabi/lib/thumb/v6-m/nofp/libc.a(lib_a-memmove.o)
                0x0000000020000350                memmove
 *fill*         0x000000002000040c        0x4 
 .text.__stub   0x0000000020000410       0x30 linker stubs
                0x0000000020000440                . = ALIGN (0x4)
 *(.rodata*)
                0x0000000020000440                . = ALIGN (0x4)
 *(.data*)
 .data.striped_spin_lock_num
                0x0000000020000440        0x1 CMakeFiles/pio_ws2812.dir/home/arnavgadre/pico/pico-sdk/src/rp2_common/hardware_sync/sync.c.obj
 *fill*         0x0000000020000441        0x3 
 .data          0x0000000020000444       0x48 CMakeFiles/pio_ws2812.dir/home/arnavgadre/pico/pico-sdk/src/rp2_common/hardware_irq/irq_handler_chain.S.obj
                0x0000000020000444                irq_handler_chain_slots
                0x0000000020000474                irq_handler_chain_first_slot
                0x000000002000047e                irq_handler_chain_remove_tail
 .data.default_alarm_pool
                0x000000002000048c       0x18 CMakeFiles/pio_ws2812.dir/home/arnavgadre/pico/pico-sdk/src/common/pico_time/time.c.obj
 .data.default_alarm_pool_heap
                0x00000000200004a4       0x10 CMakeFiles/pio_ws2812.dir/home/arnavgadre/pico/pico-sdk/src/common/pico_time/time.c.obj
 *fill*         0x00000000200004b4        0xc 
 .data.aeabi_bits_funcs
                0x00000000200004c0       0x10 CMakeFiles/pio_ws2812.dir/home/arnavgadre/pico/pico-sdk/src/rp2_common/pico_bit_ops/bit_ops_aeabi.S.obj
                0x00000000200004c0                aeabi_bits_funcs
                0x00000000200004d0                aeabi_bits_funcs_end
 .data.aeabi_mem_funcs
                0x00000000200004d0       0x10 CMakeFiles/pio_ws2812.dir/home/arnavgadre/pico/pico-sdk/src/rp2_common/pico_mem_ops/mem_ops_aeabi.S.obj
                0x00000000200004d0                aeabi_mem_funcs
                0x00000000200004e0                aeabi_mem_funcs_end
 .data.stdio_usb
                0x00000000200004e0       0x14 CMakeFiles/pio_ws2812.dir/home/arnavgadre/pico/pico-sdk/src/rp2_common/pico_stdio_usb/stdio_usb.c.obj
                0x00000000200004e0                stdio_usb
 .data.ep_dir_string
                0x00000000200004f4        0x8 CMakeFiles/pio_ws2812.dir/home/arnavgadre/pico/pico-sdk/lib/tinyusb/src/portable/raspberrypi/rp2040/rp2040_usb.c.obj
                0x00000000200004f4                ep_dir_string
 .data._usbd_qdef
                0x00000000200004fc       0x24 CMakeFiles/pio_ws2812.dir/home/arnavgadre/pico/pico-sdk/lib/tinyusb/src/device/usbd.c.obj
                0x00000000200004fc                _usbd_qdef
 .data          0x0000000020000520      0x430 /usr/lib/gcc/arm-none-eabi/9.2.1/../../../arm-none-eabi/lib/thumb/v6-m/nofp/libc.a(lib_a-impure.o)
                0x0000000020000520                _impure_ptr
 .data          0x0000000020000950      0x410 /usr/lib/gcc/arm-none-eabi/9.2.1/../../../arm-none-eabi/lib/thumb/v6-m/nofp/libc.a(lib_a-mallocr.o)
                0x0000000020000950                __malloc_sbrk_base
                0x0000000020000954                __malloc_trim_threshold
                0x0000000020000958                __malloc_av_
 .data          0x0000000020000d60      0x16c /usr/lib/gcc/arm-none-eabi/9.2.1/../../../arm-none-eabi/lib/thumb/v6-m/nofp/libc.a(lib_a-locale.o)
                0x0000000020000d60                __global_locale
 .data          0x0000000020000ecc        0x2 /usr/lib/gcc/arm-none-eabi/9.2.1/../../../arm-none-eabi/lib/thumb/v6-m/nofp/libc.a(lib_a-lnumeric.o)
                0x0000000020000ed0                . = ALIGN (0x4)
 *fill*         0x0000000020000ece        0x2 
 *(.after_data.*)
                0x0000000020000ed0                . = ALIGN (0x4)
                0x0000000020000ed0                PROVIDE (__mutex_array_start = .)
 *(SORT_BY_NAME(.mutex_array.*))
 *(.mutex_array)
 .mutex_array   0x0000000020000ed0        0x8 CMakeFiles/pio_ws2812.dir/home/arnavgadre/pico/pico-sdk/src/rp2_common/pico_stdio/stdio.c.obj
                0x0000000020000ed8                PROVIDE (__mutex_array_end = .)
                0x0000000020000ed8                . = ALIGN (0x4)
                0x0000000020000ed8                PROVIDE (__preinit_array_start = .)
 *(SORT_BY_NAME(.preinit_array.*))
 .preinit_array.00001
                0x0000000020000ed8        0x4 CMakeFiles/pio_ws2812.dir/home/arnavgadre/pico/pico-sdk/src/rp2_common/pico_mem_ops/mem_ops_aeabi.S.obj
 .preinit_array.00010
                0x0000000020000edc        0x4 CMakeFiles/pio_ws2812.dir/home/arnavgadre/pico/pico-sdk/src/rp2_common/pico_bit_ops/bit_ops_aeabi.S.obj
 .preinit_array.00020
                0x0000000020000ee0        0x4 CMakeFiles/pio_ws2812.dir/home/arnavgadre/pico/pico-sdk/src/rp2_common/pico_double/double_aeabi.S.obj
 .preinit_array.00020
                0x0000000020000ee4        0x4 CMakeFiles/pio_ws2812.dir/home/arnavgadre/pico/pico-sdk/src/rp2_common/pico_float/float_aeabi.S.obj
 *(.preinit_array)
                0x0000000020000ee8                PROVIDE (__preinit_array_end = .)
                0x0000000020000ee8                . = ALIGN (0x4)
                0x0000000020000ee8                PROVIDE (__init_array_start = .)
 *(SORT_BY_NAME(.init_array.*))
 *(.init_array)
 .init_array    0x0000000020000ee8        0x4 /usr/lib/gcc/arm-none-eabi/9.2.1/thumb/v6-m/nofp/crtbegin.o
 .init_array    0x0000000020000eec        0x4 CMakeFiles/pio_ws2812.dir/home/arnavgadre/pico/pico-sdk/src/rp2_common/pico_unique_id/unique_id.c.obj
                0x0000000020000ef0                PROVIDE (__init_array_end = .)
                0x0000000020000ef0                . = ALIGN (0x4)
                0x0000000020000ef0                PROVIDE (__fini_array_start = .)
 *(SORT_BY_NAME(.fini_array.*))
 *(.fini_array)
                0x0000000020000ef0                PROVIDE (__fini_array_end = .)
 *(.jcr)
                0x0000000020000ef0                . = ALIGN (0x4)
                0x0000000020000ef0                __data_end__ = .

.tm_clone_table
                0x0000000020000ef0        0x0 load address 0x000000001000edc4
 .tm_clone_table
                0x0000000020000ef0        0x0 /usr/lib/gcc/arm-none-eabi/9.2.1/thumb/v6-m/nofp/crtbegin.o
 .tm_clone_table